-- Logs begin at Tue 2018-02-27 12:12:09 +07, end at Tue 2018-02-27 12:30:22 +07. --
янв 29 06:31:00 Laptop os-prober[153980]: debug: running /usr/lib/os-probes/50mounted-tests on /dev/sda1
янв 29 06:31:00 Laptop macosx-prober[154017]: debug: /dev/sda1 is not an HFS+ partition: exiting
янв 29 06:31:01 Laptop os-prober[154055]: debug: running /usr/lib/os-probes/mounted/05efi on mounted /dev/sda2
янв 29 06:31:01 Laptop os-prober[154058]: debug: running /usr/lib/os-probes/mounted/10freedos on mounted /dev/sda2
янв 29 06:31:01 Laptop os-prober[154061]: debug: running /usr/lib/os-probes/mounted/10qnx on mounted /dev/sda2
янв 29 06:31:01 Laptop os-prober[154064]: debug: running /usr/lib/os-probes/mounted/20macosx on mounted /dev/sda2
янв 29 06:31:01 Laptop macosx-prober[154066]: debug: /dev/sda2 is not an HFS+ partition: exiting
янв 29 06:31:01 Laptop os-prober[154067]: debug: running /usr/lib/os-probes/mounted/20microsoft on mounted /dev/sda2
янв 29 06:31:01 Laptop os-prober[154083]: debug: running /usr/lib/os-probes/mounted/30utility on mounted /dev/sda2
янв 29 06:31:01 Laptop os-prober[154086]: debug: running /usr/lib/os-probes/mounted/40lsb on mounted /dev/sda2
янв 29 06:31:01 Laptop os-prober[154088]: debug: running /usr/lib/os-probes/mounted/70hurd on mounted /dev/sda2
янв 29 06:31:01 Laptop os-prober[154090]: debug: running /usr/lib/os-probes/mounted/80minix on mounted /dev/sda2
янв 29 06:31:01 Laptop os-prober[154092]: debug: running /usr/lib/os-probes/mounted/83haiku on mounted /dev/sda2
янв 29 06:31:01 Laptop os-prober[154095]: debug: running /usr/lib/os-probes/mounted/90linux-distro on mounted /dev/sda2
янв 29 06:31:01 Laptop os-prober[154099]: debug: running /usr/lib/os-probes/mounted/90solaris on mounted /dev/sda2
янв 29 06:31:01 Laptop os-prober[154106]: debug: running /usr/lib/os-probes/50mounted-tests on /dev/sda3
янв 29 06:31:01 Laptop os-prober[154120]: debug: /dev/sda5: is active swap
янв 30 06:18:03 Laptop os-prober[12115]: debug: running /usr/lib/os-probes/50mounted-tests on /dev/sda1
янв 30 06:18:03 Laptop macosx-prober[12152]: debug: /dev/sda1 is not an HFS+ partition: exiting
янв 30 06:18:03 Laptop os-prober[12179]: debug: running /usr/lib/os-probes/50mounted-tests on /dev/sda2
янв 30 06:18:03 Laptop macosx-prober[12216]: debug: /dev/sda2 is not an HFS+ partition: exiting
янв 30 06:18:03 Laptop os-prober[12259]: debug: running /usr/lib/os-probes/50mounted-tests on /dev/sda3
янв 30 06:18:03 Laptop os-prober[12273]: debug: /dev/sda5: is active swap
янв 30 06:18:13 Laptop os-prober[14970]: debug: running /usr/lib/os-probes/50mounted-tests on /dev/sda1
янв 30 06:18:14 Laptop macosx-prober[15008]: debug: /dev/sda1 is not an HFS+ partition: exiting
янв 30 06:18:14 Laptop os-prober[15035]: debug: running /usr/lib/os-probes/50mounted-tests on /dev/sda2
янв 30 06:18:14 Laptop macosx-prober[15072]: debug: /dev/sda2 is not an HFS+ partition: exiting
янв 30 06:18:14 Laptop os-prober[15115]: debug: running /usr/lib/os-probes/50mounted-tests on /dev/sda3
янв 30 06:18:14 Laptop os-prober[15129]: debug: /dev/sda5: is active swap
Feb 27 12:12:09 sergey-pc systemd-journald[261]: Runtime journal (/run/log/journal/) is 8.0M, max 159.2M, 151.2M free.
Feb 27 12:12:09 sergey-pc kernel: Initializing cgroup subsys cpuset
Feb 27 12:12:09 sergey-pc kernel: Initializing cgroup subsys cpu
Feb 27 12:12:09 sergey-pc kernel: Initializing cgroup subsys cpuacct
Feb 27 12:12:09 sergey-pc kernel: Linux version 4.4.0-112-generic (buildd@lgw01-amd64-010) (gcc version 5.4.0 20160609 (Ubuntu 5.4.0-6ubuntu1~16.04.5) ) #135-Ubuntu SMP Fri Jan 19 11:48:36 UTC 2018 (Ubuntu 4.4.0-112.135-generic 4.4.98)
Feb 27 12:12:09 sergey-pc kernel: Command line: BOOT_IMAGE=/boot/vmlinuz-4.4.0-112-generic root=UUID=7b168c48-9df9-4020-879f-eed7e53091e7 ro quiet splash vt.handoff=7
Feb 27 12:12:09 sergey-pc kernel: KERNEL supported cpus:
Feb 27 12:12:09 sergey-pc kernel:   Intel GenuineIntel
Feb 27 12:12:09 sergey-pc kernel:   AMD AuthenticAMD
Feb 27 12:12:09 sergey-pc kernel:   Centaur CentaurHauls
Feb 27 12:12:09 sergey-pc kernel: x86/fpu: Supporting XSAVE feature 0x01: 'x87 floating point registers'
Feb 27 12:12:09 sergey-pc kernel: x86/fpu: Supporting XSAVE feature 0x02: 'SSE registers'
Feb 27 12:12:09 sergey-pc kernel: x86/fpu: Enabled xstate features 0x3, context size is 576 bytes, using 'standard' format.
Feb 27 12:12:09 sergey-pc kernel: x86/fpu: Using 'eager' FPU context switches.
Feb 27 12:12:09 sergey-pc kernel: e820: BIOS-provided physical RAM map:
Feb 27 12:12:09 sergey-pc kernel: BIOS-e820: [mem 0x0000000000000000-0x000000000009d7ff] usable
Feb 27 12:12:09 sergey-pc kernel: BIOS-e820: [mem 0x000000000009d800-0x000000000009ffff] reserved
Feb 27 12:12:09 sergey-pc kernel: BIOS-e820: [mem 0x00000000000e0000-0x00000000000fffff] reserved
Feb 27 12:12:09 sergey-pc kernel: BIOS-e820: [mem 0x0000000000100000-0x00000000c5e61fff] usable
Feb 27 12:12:09 sergey-pc kernel: BIOS-e820: [mem 0x00000000c5e62000-0x00000000c5e68fff] ACPI NVS
Feb 27 12:12:09 sergey-pc kernel: BIOS-e820: [mem 0x00000000c5e69000-0x00000000c62bdfff] usable
Feb 27 12:12:09 sergey-pc kernel: BIOS-e820: [mem 0x00000000c62be000-0x00000000c66ecfff] reserved
Feb 27 12:12:09 sergey-pc kernel: BIOS-e820: [mem 0x00000000c66ed000-0x00000000d8739fff] usable
Feb 27 12:12:09 sergey-pc kernel: BIOS-e820: [mem 0x00000000d873a000-0x00000000d8942fff] reserved
Feb 27 12:12:09 sergey-pc kernel: BIOS-e820: [mem 0x00000000d8943000-0x00000000d895bfff] ACPI data
Feb 27 12:12:09 sergey-pc kernel: BIOS-e820: [mem 0x00000000d895c000-0x00000000d8e93fff] ACPI NVS
Feb 27 12:12:09 sergey-pc kernel: BIOS-e820: [mem 0x00000000d8e94000-0x00000000d9ffefff] reserved
Feb 27 12:12:09 sergey-pc kernel: BIOS-e820: [mem 0x00000000d9fff000-0x00000000d9ffffff] usable
Feb 27 12:12:09 sergey-pc kernel: BIOS-e820: [mem 0x00000000db000000-0x00000000df1fffff] reserved
Feb 27 12:12:09 sergey-pc kernel: BIOS-e820: [mem 0x00000000f8000000-0x00000000fbffffff] reserved
Feb 27 12:12:09 sergey-pc kernel: BIOS-e820: [mem 0x00000000fec00000-0x00000000fec00fff] reserved
Feb 27 12:12:09 sergey-pc kernel: BIOS-e820: [mem 0x00000000fed00000-0x00000000fed03fff] reserved
Feb 27 12:12:09 sergey-pc kernel: BIOS-e820: [mem 0x00000000fed1c000-0x00000000fed1ffff] reserved
Feb 27 12:12:09 sergey-pc kernel: BIOS-e820: [mem 0x00000000fee00000-0x00000000fee00fff] reserved
Feb 27 12:12:09 sergey-pc kernel: BIOS-e820: [mem 0x00000000ff000000-0x00000000ffffffff] reserved
Feb 27 12:12:09 sergey-pc kernel: BIOS-e820: [mem 0x0000000100000000-0x000000041fdfffff] usable
Feb 27 12:12:09 sergey-pc kernel: NX (Execute Disable) protection: active
Feb 27 12:12:09 sergey-pc kernel: SMBIOS 2.7 present.
Feb 27 12:12:09 sergey-pc kernel: DMI: ASUS All Series/H81M-K, BIOS 1002 08/12/2014
Feb 27 12:12:09 sergey-pc kernel: e820: update [mem 0x00000000-0x00000fff] usable ==> reserved
Feb 27 12:12:09 sergey-pc kernel: e820: remove [mem 0x000a0000-0x000fffff] usable
Feb 27 12:12:09 sergey-pc kernel: e820: last_pfn = 0x41fe00 max_arch_pfn = 0x400000000
Feb 27 12:12:09 sergey-pc kernel: MTRR default type: uncachable
Feb 27 12:12:09 sergey-pc kernel: MTRR fixed ranges enabled:
Feb 27 12:12:09 sergey-pc kernel:   00000-9FFFF write-back
Feb 27 12:12:09 sergey-pc kernel:   A0000-BFFFF uncachable
Feb 27 12:12:09 sergey-pc kernel:   C0000-CFFFF write-protect
Feb 27 12:12:09 sergey-pc kernel:   D0000-E7FFF uncachable
Feb 27 12:12:09 sergey-pc kernel:   E8000-FFFFF write-protect
Feb 27 12:12:09 sergey-pc kernel: MTRR variable ranges enabled:
Feb 27 12:12:09 sergey-pc kernel:   0 base 0000000000 mask 7C00000000 write-back
Feb 27 12:12:09 sergey-pc kernel:   1 base 0400000000 mask 7FE0000000 write-back
Feb 27 12:12:09 sergey-pc kernel:   2 base 00E0000000 mask 7FE0000000 uncachable
Feb 27 12:12:09 sergey-pc kernel:   3 base 00DC000000 mask 7FFC000000 uncachable
Feb 27 12:12:09 sergey-pc kernel:   4 base 00DB000000 mask 7FFF000000 uncachable
Feb 27 12:12:09 sergey-pc kernel:   5 base 041FE00000 mask 7FFFE00000 uncachable
Feb 27 12:12:09 sergey-pc kernel:   6 disabled
Feb 27 12:12:09 sergey-pc kernel:   7 disabled
Feb 27 12:12:09 sergey-pc kernel:   8 disabled
Feb 27 12:12:09 sergey-pc kernel:   9 disabled
Feb 27 12:12:09 sergey-pc kernel: x86/PAT: Configuration [0-7]: WB  WC  UC- UC  WB  WC  UC- WT  
Feb 27 12:12:09 sergey-pc kernel: original variable MTRRs
Feb 27 12:12:09 sergey-pc kernel: reg 0, base: 0GB, range: 16GB, type WB
Feb 27 12:12:09 sergey-pc kernel: reg 1, base: 16GB, range: 512MB, type WB
Feb 27 12:12:09 sergey-pc kernel: reg 2, base: 3584MB, range: 512MB, type UC
Feb 27 12:12:09 sergey-pc kernel: reg 3, base: 3520MB, range: 64MB, type UC
Feb 27 12:12:09 sergey-pc kernel: reg 4, base: 3504MB, range: 16MB, type UC
Feb 27 12:12:09 sergey-pc kernel: reg 5, base: 16894MB, range: 2MB, type UC
Feb 27 12:12:09 sergey-pc kernel: total RAM covered: 16302M
Feb 27 12:12:09 sergey-pc kernel: Found optimal setting for mtrr clean up
Feb 27 12:12:09 sergey-pc kernel:  gran_size: 64K         chunk_size: 128M         num_reg: 9          lose cover RAM: 0G
Feb 27 12:12:09 sergey-pc kernel: New variable MTRRs
Feb 27 12:12:09 sergey-pc kernel: reg 0, base: 0GB, range: 2GB, type WB
Feb 27 12:12:09 sergey-pc kernel: reg 1, base: 2GB, range: 1GB, type WB
Feb 27 12:12:09 sergey-pc kernel: reg 2, base: 3GB, range: 512MB, type WB
Feb 27 12:12:09 sergey-pc kernel: reg 3, base: 3504MB, range: 16MB, type UC
Feb 27 12:12:09 sergey-pc kernel: reg 4, base: 3520MB, range: 64MB, type UC
Feb 27 12:12:09 sergey-pc kernel: reg 5, base: 4GB, range: 4GB, type WB
Feb 27 12:12:09 sergey-pc kernel: reg 6, base: 8GB, range: 8GB, type WB
Feb 27 12:12:09 sergey-pc kernel: reg 7, base: 16GB, range: 512MB, type WB
Feb 27 12:12:09 sergey-pc kernel: reg 8, base: 16894MB, range: 2MB, type UC
Feb 27 12:12:09 sergey-pc kernel: e820: update [mem 0xdb000000-0xffffffff] usable ==> reserved
Feb 27 12:12:09 sergey-pc kernel: e820: last_pfn = 0xda000 max_arch_pfn = 0x400000000
Feb 27 12:12:09 sergey-pc kernel: found SMP MP-table at [mem 0x000fd730-0x000fd73f] mapped at [ffff8800000fd730]
Feb 27 12:12:09 sergey-pc kernel: Scanning 1 areas for low memory corruption
Feb 27 12:12:09 sergey-pc kernel: Base memory trampoline at [ffff880000097000] 97000 size 24576
Feb 27 12:12:09 sergey-pc kernel: Using GB pages for direct mapping
Feb 27 12:12:09 sergey-pc kernel: BRK [0x02215000, 0x02215fff] PGTABLE
Feb 27 12:12:09 sergey-pc kernel: BRK [0x02216000, 0x02216fff] PGTABLE
Feb 27 12:12:09 sergey-pc kernel: BRK [0x02217000, 0x02217fff] PGTABLE
Feb 27 12:12:09 sergey-pc kernel: BRK [0x02218000, 0x02218fff] PGTABLE
Feb 27 12:12:09 sergey-pc kernel: BRK [0x02219000, 0x02219fff] PGTABLE
Feb 27 12:12:09 sergey-pc kernel: BRK [0x0221a000, 0x0221afff] PGTABLE
Feb 27 12:12:09 sergey-pc kernel: RAMDISK: [mem 0x33690000-0x35b3ffff]
Feb 27 12:12:09 sergey-pc kernel: ACPI: Early table checksum verification disabled
Feb 27 12:12:09 sergey-pc kernel: ACPI: RSDP 0x00000000000F0490 000024 (v02 ALASKA)
Feb 27 12:12:09 sergey-pc kernel: ACPI: XSDT 0x00000000D8948080 000074 (v01 ALASKA A M I    01072009 AMI  00010013)
Feb 27 12:12:09 sergey-pc kernel: ACPI: FACP 0x00000000D8956548 00010C (v05 ALASKA A M I    01072009 AMI  00010013)
Feb 27 12:12:09 sergey-pc kernel: ACPI: DSDT 0x00000000D8948188 00E3BF (v02 ALASKA A M I    00000031 INTL 20091112)
Feb 27 12:12:09 sergey-pc kernel: ACPI: FACS 0x00000000D8E92080 000040
Feb 27 12:12:09 sergey-pc kernel: ACPI: APIC 0x00000000D8956658 000062 (v03 ALASKA A M I    01072009 AMI  00010013)
Feb 27 12:12:09 sergey-pc kernel: ACPI: FPDT 0x00000000D89566C0 000044 (v01 ALASKA A M I    01072009 AMI  00010013)
Feb 27 12:12:09 sergey-pc kernel: ACPI: LPIT 0x00000000D8956708 00005C (v01 ALASKA A M I    00000000 AMI. 00000005)
Feb 27 12:12:09 sergey-pc kernel: ACPI: SSDT 0x00000000D8956768 000539 (v01 PmRef  Cpu0Ist  00003000 INTL 20091112)
Feb 27 12:12:09 sergey-pc kernel: ACPI: SSDT 0x00000000D8956CA8 000AD8 (v01 PmRef  CpuPm    00003000 INTL 20091112)
Feb 27 12:12:09 sergey-pc kernel: ACPI: MCFG 0x00000000D8957780 00003C (v01 ALASKA A M I    01072009 MSFT 00000097)
Feb 27 12:12:09 sergey-pc kernel: ACPI: HPET 0x00000000D89577C0 000038 (v01 ALASKA A M I    01072009 AMI. 00000005)
Feb 27 12:12:09 sergey-pc kernel: ACPI: SSDT 0x00000000D89577F8 00036D (v01 SataRe SataTabl 00001000 INTL 20091112)
Feb 27 12:12:09 sergey-pc kernel: ACPI: SSDT 0x00000000D8957B68 0034E1 (v01 SaSsdt SaSsdt   00003000 INTL 20091112)
Feb 27 12:12:09 sergey-pc kernel: ACPI: Local APIC address 0xfee00000
Feb 27 12:12:09 sergey-pc kernel: No NUMA configuration found
Feb 27 12:12:09 sergey-pc kernel: Faking a node at [mem 0x0000000000000000-0x000000041fdfffff]
Feb 27 12:12:09 sergey-pc kernel: NODE_DATA(0) allocated [mem 0x41fdf7000-0x41fdfbfff]
Feb 27 12:12:09 sergey-pc kernel: Zone ranges:
Feb 27 12:12:09 sergey-pc kernel:   DMA      [mem 0x0000000000001000-0x0000000000ffffff]
Feb 27 12:12:09 sergey-pc kernel:   DMA32    [mem 0x0000000001000000-0x00000000ffffffff]
Feb 27 12:12:09 sergey-pc kernel:   Normal   [mem 0x0000000100000000-0x000000041fdfffff]
Feb 27 12:12:09 sergey-pc kernel:   Device   empty
Feb 27 12:12:09 sergey-pc kernel: Movable zone start for each node
Feb 27 12:12:09 sergey-pc kernel: Early memory node ranges
Feb 27 12:12:09 sergey-pc kernel:   node   0: [mem 0x0000000000001000-0x000000000009cfff]
Feb 27 12:12:09 sergey-pc kernel:   node   0: [mem 0x0000000000100000-0x00000000c5e61fff]
Feb 27 12:12:09 sergey-pc kernel:   node   0: [mem 0x00000000c5e69000-0x00000000c62bdfff]
Feb 27 12:12:09 sergey-pc kernel:   node   0: [mem 0x00000000c66ed000-0x00000000d8739fff]
Feb 27 12:12:09 sergey-pc kernel:   node   0: [mem 0x00000000d9fff000-0x00000000d9ffffff]
Feb 27 12:12:09 sergey-pc kernel:   node   0: [mem 0x0000000100000000-0x000000041fdfffff]
Feb 27 12:12:09 sergey-pc kernel: Initmem setup node 0 [mem 0x0000000000001000-0x000000041fdfffff]
Feb 27 12:12:09 sergey-pc kernel: On node 0 totalpages: 4161697
Feb 27 12:12:09 sergey-pc kernel:   DMA zone: 64 pages used for memmap
Feb 27 12:12:09 sergey-pc kernel:   DMA zone: 21 pages reserved
Feb 27 12:12:09 sergey-pc kernel:   DMA zone: 3996 pages, LIFO batch:0
Feb 27 12:12:09 sergey-pc kernel:   DMA32 zone: 13773 pages used for memmap
Feb 27 12:12:09 sergey-pc kernel:   DMA32 zone: 881413 pages, LIFO batch:31
Feb 27 12:12:09 sergey-pc kernel:   Normal zone: 51192 pages used for memmap
Feb 27 12:12:09 sergey-pc kernel:   Normal zone: 3276288 pages, LIFO batch:31
Feb 27 12:12:09 sergey-pc kernel: Reserving Intel graphics stolen memory at 0xdb200000-0xdf1fffff
Feb 27 12:12:09 sergey-pc kernel: ACPI: PM-Timer IO Port: 0x1808
Feb 27 12:12:09 sergey-pc kernel: ACPI: Local APIC address 0xfee00000
Feb 27 12:12:09 sergey-pc kernel: ACPI: LAPIC_NMI (acpi_id[0xff] high edge lint[0x1])
Feb 27 12:12:09 sergey-pc kernel: IOAPIC[0]: apic_id 8, version 32, address 0xfec00000, GSI 0-23
Feb 27 12:12:09 sergey-pc kernel: ACPI: INT_SRC_OVR (bus 0 bus_irq 0 global_irq 2 dfl dfl)
Feb 27 12:12:09 sergey-pc kernel: ACPI: INT_SRC_OVR (bus 0 bus_irq 9 global_irq 9 high level)
Feb 27 12:12:09 sergey-pc kernel: ACPI: IRQ0 used by override.
Feb 27 12:12:09 sergey-pc kernel: ACPI: IRQ9 used by override.
Feb 27 12:12:09 sergey-pc kernel: Using ACPI (MADT) for SMP configuration information
Feb 27 12:12:09 sergey-pc kernel: ACPI: HPET id: 0x8086a701 base: 0xfed00000
Feb 27 12:12:09 sergey-pc kernel: smpboot: Allowing 2 CPUs, 0 hotplug CPUs
Feb 27 12:12:09 sergey-pc kernel: PM: Registered nosave memory: [mem 0x00000000-0x00000fff]
Feb 27 12:12:09 sergey-pc kernel: PM: Registered nosave memory: [mem 0x0009d000-0x0009dfff]
Feb 27 12:12:09 sergey-pc kernel: PM: Registered nosave memory: [mem 0x0009e000-0x0009ffff]
Feb 27 12:12:09 sergey-pc kernel: PM: Registered nosave memory: [mem 0x000a0000-0x000dffff]
Feb 27 12:12:09 sergey-pc kernel: PM: Registered nosave memory: [mem 0x000e0000-0x000fffff]
Feb 27 12:12:09 sergey-pc kernel: PM: Registered nosave memory: [mem 0xc5e62000-0xc5e68fff]
Feb 27 12:12:09 sergey-pc kernel: PM: Registered nosave memory: [mem 0xc62be000-0xc66ecfff]
Feb 27 12:12:09 sergey-pc kernel: PM: Registered nosave memory: [mem 0xd873a000-0xd8942fff]
Feb 27 12:12:09 sergey-pc kernel: PM: Registered nosave memory: [mem 0xd8943000-0xd895bfff]
Feb 27 12:12:09 sergey-pc kernel: PM: Registered nosave memory: [mem 0xd895c000-0xd8e93fff]
Feb 27 12:12:09 sergey-pc kernel: PM: Registered nosave memory: [mem 0xd8e94000-0xd9ffefff]
Feb 27 12:12:09 sergey-pc kernel: PM: Registered nosave memory: [mem 0xda000000-0xdaffffff]
Feb 27 12:12:09 sergey-pc kernel: PM: Registered nosave memory: [mem 0xdb000000-0xdf1fffff]
Feb 27 12:12:09 sergey-pc kernel: PM: Registered nosave memory: [mem 0xdf200000-0xf7ffffff]
Feb 27 12:12:09 sergey-pc kernel: PM: Registered nosave memory: [mem 0xf8000000-0xfbffffff]
Feb 27 12:12:09 sergey-pc kernel: PM: Registered nosave memory: [mem 0xfc000000-0xfebfffff]
Feb 27 12:12:09 sergey-pc kernel: PM: Registered nosave memory: [mem 0xfec00000-0xfec00fff]
Feb 27 12:12:09 sergey-pc kernel: PM: Registered nosave memory: [mem 0xfec01000-0xfecfffff]
Feb 27 12:12:09 sergey-pc kernel: PM: Registered nosave memory: [mem 0xfed00000-0xfed03fff]
Feb 27 12:12:09 sergey-pc kernel: PM: Registered nosave memory: [mem 0xfed04000-0xfed1bfff]
Feb 27 12:12:09 sergey-pc kernel: PM: Registered nosave memory: [mem 0xfed1c000-0xfed1ffff]
Feb 27 12:12:09 sergey-pc kernel: PM: Registered nosave memory: [mem 0xfed20000-0xfedfffff]
Feb 27 12:12:09 sergey-pc kernel: PM: Registered nosave memory: [mem 0xfee00000-0xfee00fff]
Feb 27 12:12:09 sergey-pc kernel: PM: Registered nosave memory: [mem 0xfee01000-0xfeffffff]
Feb 27 12:12:09 sergey-pc kernel: PM: Registered nosave memory: [mem 0xff000000-0xffffffff]
Feb 27 12:12:09 sergey-pc kernel: e820: [mem 0xdf200000-0xf7ffffff] available for PCI devices
Feb 27 12:12:09 sergey-pc kernel: Booting paravirtualized kernel on bare hardware
Feb 27 12:12:09 sergey-pc kernel: clocksource: refined-jiffies: mask: 0xffffffff max_cycles: 0xffffffff, max_idle_ns: 7645519600211568 ns
Feb 27 12:12:09 sergey-pc kernel: setup_percpu: NR_CPUS:512 nr_cpumask_bits:512 nr_cpu_ids:2 nr_node_ids:1
Feb 27 12:12:09 sergey-pc kernel: PERCPU: Embedded 34 pages/cpu @ffff88041fa00000 s99544 r8192 d31528 u1048576
Feb 27 12:12:09 sergey-pc kernel: pcpu-alloc: s99544 r8192 d31528 u1048576 alloc=1*2097152
Feb 27 12:12:09 sergey-pc kernel: pcpu-alloc: [0] 0 1 
Feb 27 12:12:09 sergey-pc kernel: Built 1 zonelists in Node order, mobility grouping on.  Total pages: 4096647
Feb 27 12:12:09 sergey-pc kernel: Policy zone: Normal
Feb 27 12:12:09 sergey-pc kernel: Kernel command line: BOOT_IMAGE=/boot/vmlinuz-4.4.0-112-generic root=UUID=7b168c48-9df9-4020-879f-eed7e53091e7 ro quiet splash vt.handoff=7
Feb 27 12:12:09 sergey-pc kernel: PID hash table entries: 4096 (order: 3, 32768 bytes)
Feb 27 12:12:09 sergey-pc kernel: Calgary: detecting Calgary via BIOS EBDA area
Feb 27 12:12:09 sergey-pc kernel: Calgary: Unable to locate Rio Grande table in EBDA - bailing!
Feb 27 12:12:09 sergey-pc kernel: Memory: 16261840K/16646788K available (8499K kernel code, 1309K rwdata, 3988K rodata, 1508K init, 1316K bss, 384948K reserved, 0K cma-reserved)
Feb 27 12:12:09 sergey-pc kernel: SLUB: HWalign=64, Order=0-3, MinObjects=0, CPUs=2, Nodes=1
Feb 27 12:12:09 sergey-pc kernel: Kernel/User page tables isolation: enabled
Feb 27 12:12:09 sergey-pc kernel: Hierarchical RCU implementation.
Feb 27 12:12:09 sergey-pc kernel:         Build-time adjustment of leaf fanout to 64.
Feb 27 12:12:09 sergey-pc kernel:         RCU restricting CPUs from NR_CPUS=512 to nr_cpu_ids=2.
Feb 27 12:12:09 sergey-pc kernel: RCU: Adjusting geometry for rcu_fanout_leaf=64, nr_cpu_ids=2
Feb 27 12:12:09 sergey-pc kernel: NR_IRQS:33024 nr_irqs:440 16
Feb 27 12:12:09 sergey-pc kernel: vt handoff: transparent VT on vt#7
Feb 27 12:12:09 sergey-pc kernel: Console: colour dummy device 80x25
Feb 27 12:12:09 sergey-pc kernel: console [tty0] enabled
Feb 27 12:12:09 sergey-pc kernel: clocksource: hpet: mask: 0xffffffff max_cycles: 0xffffffff, max_idle_ns: 133484882848 ns
Feb 27 12:12:09 sergey-pc kernel: hpet clockevent registered
Feb 27 12:12:09 sergey-pc kernel: tsc: Fast TSC calibration using PIT
Feb 27 12:12:09 sergey-pc kernel: tsc: Detected 3092.938 MHz processor
Feb 27 12:12:09 sergey-pc kernel: Calibrating delay loop (skipped), value calculated using timer frequency.. 6185.87 BogoMIPS (lpj=12371752)
Feb 27 12:12:09 sergey-pc kernel: pid_max: default: 32768 minimum: 301
Feb 27 12:12:09 sergey-pc kernel: ACPI: Core revision 20150930
Feb 27 12:12:09 sergey-pc kernel: ACPI: 5 ACPI AML tables successfully acquired and loaded
Feb 27 12:12:09 sergey-pc kernel: Security Framework initialized
Feb 27 12:12:09 sergey-pc kernel: Yama: becoming mindful.
Feb 27 12:12:09 sergey-pc kernel: AppArmor: AppArmor initialized
Feb 27 12:12:09 sergey-pc kernel: Dentry cache hash table entries: 2097152 (order: 12, 16777216 bytes)
Feb 27 12:12:09 sergey-pc kernel: Inode-cache hash table entries: 1048576 (order: 11, 8388608 bytes)
Feb 27 12:12:09 sergey-pc kernel: Mount-cache hash table entries: 32768 (order: 6, 262144 bytes)
Feb 27 12:12:09 sergey-pc kernel: Mountpoint-cache hash table entries: 32768 (order: 6, 262144 bytes)
Feb 27 12:12:09 sergey-pc kernel: Initializing cgroup subsys io
Feb 27 12:12:09 sergey-pc kernel: Initializing cgroup subsys memory
Feb 27 12:12:09 sergey-pc kernel: Initializing cgroup subsys devices
Feb 27 12:12:09 sergey-pc kernel: Initializing cgroup subsys freezer
Feb 27 12:12:09 sergey-pc kernel: Initializing cgroup subsys net_cls
Feb 27 12:12:09 sergey-pc kernel: Initializing cgroup subsys perf_event
Feb 27 12:12:09 sergey-pc kernel: Initializing cgroup subsys net_prio
Feb 27 12:12:09 sergey-pc kernel: Initializing cgroup subsys hugetlb
Feb 27 12:12:09 sergey-pc kernel: Initializing cgroup subsys pids
Feb 27 12:12:09 sergey-pc kernel: CPU: Physical Processor ID: 0
Feb 27 12:12:09 sergey-pc kernel: CPU: Processor Core ID: 0
Feb 27 12:12:09 sergey-pc kernel: ENERGY_PERF_BIAS: Set to 'normal', was 'performance'
Feb 27 12:12:09 sergey-pc kernel: ENERGY_PERF_BIAS: View and update with x86_energy_perf_policy(8)
Feb 27 12:12:09 sergey-pc kernel: FEATURE SPEC_CTRL Not Present
Feb 27 12:12:09 sergey-pc kernel: mce: CPU supports 7 MCE banks
Feb 27 12:12:09 sergey-pc kernel: CPU0: Thermal monitoring enabled (TM1)
Feb 27 12:12:09 sergey-pc kernel: process: using mwait in idle threads
Feb 27 12:12:09 sergey-pc kernel: Last level iTLB entries: 4KB 1024, 2MB 1024, 4MB 1024
Feb 27 12:12:09 sergey-pc kernel: Last level dTLB entries: 4KB 1024, 2MB 1024, 4MB 1024, 1GB 4
Feb 27 12:12:09 sergey-pc kernel: Freeing SMP alternatives memory: 32K
Feb 27 12:12:09 sergey-pc kernel: ftrace: allocating 32180 entries in 126 pages
Feb 27 12:12:09 sergey-pc kernel: smpboot: APIC(0) Converting physical 0 to logical package 0
Feb 27 12:12:09 sergey-pc kernel: smpboot: Max logical packages: 1
Feb 27 12:12:09 sergey-pc kernel: ..TIMER: vector=0x30 apic1=0 pin1=2 apic2=-1 pin2=-1
Feb 27 12:12:09 sergey-pc kernel: TSC deadline timer enabled
Feb 27 12:12:09 sergey-pc kernel: smpboot: CPU0: Intel(R) Pentium(R) CPU G3240 @ 3.10GHz (family: 0x6, model: 0x3c, stepping: 0x3)
Feb 27 12:12:09 sergey-pc kernel: Performance Events: PEBS fmt2+, 16-deep LBR, Haswell events, full-width counters, Intel PMU driver.
Feb 27 12:12:09 sergey-pc kernel: ... version:                3
Feb 27 12:12:09 sergey-pc kernel: ... bit width:              48
Feb 27 12:12:09 sergey-pc kernel: ... generic registers:      8
Feb 27 12:12:09 sergey-pc kernel: ... value mask:             0000ffffffffffff
Feb 27 12:12:09 sergey-pc kernel: ... max period:             00007fffffffffff
Feb 27 12:12:09 sergey-pc kernel: ... fixed-purpose events:   3
Feb 27 12:12:09 sergey-pc kernel: ... event mask:             00000007000000ff
Feb 27 12:12:09 sergey-pc kernel: x86: Booting SMP configuration:
Feb 27 12:12:09 sergey-pc kernel: .... node  #0, CPUs:      #1
Feb 27 12:12:09 sergey-pc kernel: x86: Booted up 1 node, 2 CPUs
Feb 27 12:12:09 sergey-pc kernel: smpboot: Total of 2 processors activated (12371.75 BogoMIPS)
Feb 27 12:12:09 sergey-pc kernel: NMI watchdog: enabled on all CPUs, permanently consumes one hw-PMU counter.
Feb 27 12:12:09 sergey-pc kernel: devtmpfs: initialized
Feb 27 12:12:09 sergey-pc kernel: evm: security.selinux
Feb 27 12:12:09 sergey-pc kernel: evm: security.SMACK64
Feb 27 12:12:09 sergey-pc kernel: evm: security.SMACK64EXEC
Feb 27 12:12:09 sergey-pc kernel: evm: security.SMACK64TRANSMUTE
Feb 27 12:12:09 sergey-pc kernel: evm: security.SMACK64MMAP
Feb 27 12:12:09 sergey-pc kernel: evm: security.ima
Feb 27 12:12:09 sergey-pc kernel: evm: security.capability
Feb 27 12:12:09 sergey-pc kernel: PM: Registering ACPI NVS region [mem 0xc5e62000-0xc5e68fff] (28672 bytes)
Feb 27 12:12:09 sergey-pc kernel: PM: Registering ACPI NVS region [mem 0xd895c000-0xd8e93fff] (5472256 bytes)
Feb 27 12:12:09 sergey-pc kernel: clocksource: jiffies: mask: 0xffffffff max_cycles: 0xffffffff, max_idle_ns: 7645041785100000 ns
Feb 27 12:12:09 sergey-pc kernel: futex hash table entries: 512 (order: 3, 32768 bytes)
Feb 27 12:12:09 sergey-pc kernel: pinctrl core: initialized pinctrl subsystem
Feb 27 12:12:09 sergey-pc kernel: RTC time:  5:12:02, date: 02/27/18
Feb 27 12:12:09 sergey-pc kernel: NET: Registered protocol family 16
Feb 27 12:12:09 sergey-pc kernel: cpuidle: using governor ladder
Feb 27 12:12:09 sergey-pc kernel: cpuidle: using governor menu
Feb 27 12:12:09 sergey-pc kernel: PCCT header not found.
Feb 27 12:12:09 sergey-pc kernel: ACPI FADT declares the system doesn't support PCIe ASPM, so disable it
Feb 27 12:12:09 sergey-pc kernel: ACPI: bus type PCI registered
Feb 27 12:12:09 sergey-pc kernel: acpiphp: ACPI Hot Plug PCI Controller Driver version: 0.5
Feb 27 12:12:09 sergey-pc kernel: PCI: MMCONFIG for domain 0000 [bus 00-3f] at [mem 0xf8000000-0xfbffffff] (base 0xf8000000)
Feb 27 12:12:09 sergey-pc kernel: PCI: MMCONFIG at [mem 0xf8000000-0xfbffffff] reserved in E820
Feb 27 12:12:09 sergey-pc kernel: PCI: Using configuration type 1 for base access
Feb 27 12:12:09 sergey-pc kernel: NMI watchdog: enabled on all CPUs, permanently consumes one hw-PMU counter.
Feb 27 12:12:09 sergey-pc kernel: core: PMU erratum BJ122, BV98, HSD29 workaround disabled, HT off
Feb 27 12:12:09 sergey-pc kernel: ACPI: Added _OSI(Module Device)
Feb 27 12:12:09 sergey-pc kernel: ACPI: Added _OSI(Processor Device)
Feb 27 12:12:09 sergey-pc kernel: ACPI: Added _OSI(3.0 _SCP Extensions)
Feb 27 12:12:09 sergey-pc kernel: ACPI: Added _OSI(Processor Aggregator Device)
Feb 27 12:12:09 sergey-pc kernel: ACPI: Executed 1 blocks of module-level executable AML code
Feb 27 12:12:09 sergey-pc kernel: [Firmware Bug]: ACPI: BIOS _OSI(Linux) query ignored
Feb 27 12:12:09 sergey-pc kernel: ACPI: Dynamic OEM Table Load:
Feb 27 12:12:09 sergey-pc kernel: ACPI: SSDT 0xFFFF88040D1A0800 0003D3 (v01 PmRef  Cpu0Cst  00003001 INTL 20091112)
Feb 27 12:12:09 sergey-pc kernel: ACPI: Dynamic OEM Table Load:
Feb 27 12:12:09 sergey-pc kernel: ACPI: SSDT 0xFFFF88040F11F000 0005AA (v01 PmRef  ApIst    00003000 INTL 20091112)
Feb 27 12:12:09 sergey-pc kernel: ACPI: Dynamic OEM Table Load:
Feb 27 12:12:09 sergey-pc kernel: ACPI: SSDT 0xFFFF88040D19CC00 000119 (v01 PmRef  ApCst    00003000 INTL 20091112)
Feb 27 12:12:09 sergey-pc kernel: ACPI: Interpreter enabled
Feb 27 12:12:09 sergey-pc kernel: ACPI: (supports S0 S3 S4 S5)
Feb 27 12:12:09 sergey-pc kernel: ACPI: Using IOAPIC for interrupt routing
Feb 27 12:12:09 sergey-pc kernel: PCI: Using host bridge windows from ACPI; if necessary, use "pci=nocrs" and report a bug
Feb 27 12:12:09 sergey-pc kernel: ACPI: Power Resource [FN00] (off)
Feb 27 12:12:09 sergey-pc kernel: ACPI: Power Resource [FN01] (off)
Feb 27 12:12:09 sergey-pc kernel: ACPI: Power Resource [FN02] (off)
Feb 27 12:12:09 sergey-pc kernel: ACPI: Power Resource [FN03] (off)
Feb 27 12:12:09 sergey-pc kernel: ACPI: Power Resource [FN04] (off)
Feb 27 12:12:09 sergey-pc kernel: ACPI: PCI Root Bridge [PCI0] (domain 0000 [bus 00-3e])
Feb 27 12:12:09 sergey-pc kernel: acpi PNP0A08:00: _OSC: OS supports [ExtendedConfig ASPM ClockPM Segments MSI]
Feb 27 12:12:09 sergey-pc kernel: acpi PNP0A08:00: _OSC: platform does not support [PCIeHotplug PME]
Feb 27 12:12:09 sergey-pc kernel: acpi PNP0A08:00: _OSC: OS now controls [AER PCIeCapability]
Feb 27 12:12:09 sergey-pc kernel: acpi PNP0A08:00: FADT indicates ASPM is unsupported, using BIOS configuration
Feb 27 12:12:09 sergey-pc kernel: PCI host bridge to bus 0000:00
Feb 27 12:12:09 sergey-pc kernel: pci_bus 0000:00: root bus resource [io  0x0000-0x0cf7 window]
Feb 27 12:12:09 sergey-pc kernel: pci_bus 0000:00: root bus resource [io  0x0d00-0xffff window]
Feb 27 12:12:09 sergey-pc kernel: pci_bus 0000:00: root bus resource [mem 0x000a0000-0x000bffff window]
Feb 27 12:12:09 sergey-pc kernel: pci_bus 0000:00: root bus resource [mem 0x000d0000-0x000d3fff window]
Feb 27 12:12:09 sergey-pc kernel: pci_bus 0000:00: root bus resource [mem 0x000d4000-0x000d7fff window]
Feb 27 12:12:09 sergey-pc kernel: pci_bus 0000:00: root bus resource [mem 0x000d8000-0x000dbfff window]
Feb 27 12:12:09 sergey-pc kernel: pci_bus 0000:00: root bus resource [mem 0x000dc000-0x000dffff window]
Feb 27 12:12:09 sergey-pc kernel: pci_bus 0000:00: root bus resource [mem 0x000e0000-0x000e3fff window]
Feb 27 12:12:09 sergey-pc kernel: pci_bus 0000:00: root bus resource [mem 0x000e4000-0x000e7fff window]
Feb 27 12:12:09 sergey-pc kernel: pci_bus 0000:00: root bus resource [mem 0xdf200000-0xfeafffff window]
Feb 27 12:12:09 sergey-pc kernel: pci_bus 0000:00: root bus resource [bus 00-3e]
Feb 27 12:12:09 sergey-pc kernel: pci 0000:00:00.0: [8086:0c00] type 00 class 0x060000
Feb 27 12:12:09 sergey-pc kernel: pci 0000:00:01.0: [8086:0c01] type 01 class 0x060400
Feb 27 12:12:09 sergey-pc kernel: pci 0000:00:01.0: PME# supported from D0 D3hot D3cold
Feb 27 12:12:09 sergey-pc kernel: pci 0000:00:01.0: System wakeup disabled by ACPI
Feb 27 12:12:09 sergey-pc kernel: pci 0000:00:02.0: [8086:0402] type 00 class 0x030000
Feb 27 12:12:09 sergey-pc kernel: pci 0000:00:02.0: reg 0x10: [mem 0xf6800000-0xf6bfffff 64bit]
Feb 27 12:12:09 sergey-pc kernel: pci 0000:00:02.0: reg 0x18: [mem 0xe0000000-0xefffffff 64bit pref]
Feb 27 12:12:09 sergey-pc kernel: pci 0000:00:02.0: reg 0x20: [io  0xf000-0xf03f]
Feb 27 12:12:09 sergey-pc kernel: pci 0000:00:14.0: [8086:8c31] type 00 class 0x0c0330
Feb 27 12:12:09 sergey-pc kernel: pci 0000:00:14.0: reg 0x10: [mem 0xf7e00000-0xf7e0ffff 64bit]
Feb 27 12:12:09 sergey-pc kernel: pci 0000:00:14.0: PME# supported from D3hot D3cold
Feb 27 12:12:09 sergey-pc kernel: pci 0000:00:14.0: System wakeup disabled by ACPI
Feb 27 12:12:09 sergey-pc kernel: pci 0000:00:16.0: [8086:8c3a] type 00 class 0x078000
Feb 27 12:12:09 sergey-pc kernel: pci 0000:00:16.0: reg 0x10: [mem 0xf7e1a000-0xf7e1a00f 64bit]
Feb 27 12:12:09 sergey-pc kernel: pci 0000:00:16.0: PME# supported from D0 D3hot D3cold
Feb 27 12:12:09 sergey-pc kernel: pci 0000:00:1a.0: [8086:8c2d] type 00 class 0x0c0320
Feb 27 12:12:09 sergey-pc kernel: pci 0000:00:1a.0: reg 0x10: [mem 0xf7e18000-0xf7e183ff]
Feb 27 12:12:09 sergey-pc kernel: pci 0000:00:1a.0: PME# supported from D0 D3hot D3cold
Feb 27 12:12:09 sergey-pc kernel: pci 0000:00:1a.0: System wakeup disabled by ACPI
Feb 27 12:12:09 sergey-pc kernel: pci 0000:00:1b.0: [8086:8c20] type 00 class 0x040300
Feb 27 12:12:09 sergey-pc kernel: pci 0000:00:1b.0: reg 0x10: [mem 0xf7e10000-0xf7e13fff 64bit]
Feb 27 12:12:09 sergey-pc kernel: pci 0000:00:1b.0: PME# supported from D0 D3hot D3cold
Feb 27 12:12:09 sergey-pc kernel: pci 0000:00:1b.0: System wakeup disabled by ACPI
Feb 27 12:12:09 sergey-pc kernel: pci 0000:00:1c.0: [8086:8c10] type 01 class 0x060400
Feb 27 12:12:09 sergey-pc kernel: pci 0000:00:1c.0: PME# supported from D0 D3hot D3cold
Feb 27 12:12:09 sergey-pc kernel: pci 0000:00:1c.0: System wakeup disabled by ACPI
Feb 27 12:12:09 sergey-pc kernel: pci 0000:00:1c.2: [8086:8c14] type 01 class 0x060400
Feb 27 12:12:09 sergey-pc kernel: pci 0000:00:1c.2: PME# supported from D0 D3hot D3cold
Feb 27 12:12:09 sergey-pc kernel: pci 0000:00:1c.2: System wakeup disabled by ACPI
Feb 27 12:12:09 sergey-pc kernel: pci 0000:00:1d.0: [8086:8c26] type 00 class 0x0c0320
Feb 27 12:12:09 sergey-pc kernel: pci 0000:00:1d.0: reg 0x10: [mem 0xf7e17000-0xf7e173ff]
Feb 27 12:12:09 sergey-pc kernel: pci 0000:00:1d.0: PME# supported from D0 D3hot D3cold
Feb 27 12:12:09 sergey-pc kernel: pci 0000:00:1d.0: System wakeup disabled by ACPI
Feb 27 12:12:09 sergey-pc kernel: pci 0000:00:1f.0: [8086:8c5c] type 00 class 0x060100
Feb 27 12:12:09 sergey-pc kernel: pci 0000:00:1f.2: [8086:8c02] type 00 class 0x010601
Feb 27 12:12:09 sergey-pc kernel: pci 0000:00:1f.2: reg 0x10: [io  0xf0b0-0xf0b7]
Feb 27 12:12:09 sergey-pc kernel: pci 0000:00:1f.2: reg 0x14: [io  0xf0a0-0xf0a3]
Feb 27 12:12:09 sergey-pc kernel: pci 0000:00:1f.2: reg 0x18: [io  0xf090-0xf097]
Feb 27 12:12:09 sergey-pc kernel: pci 0000:00:1f.2: reg 0x1c: [io  0xf080-0xf083]
Feb 27 12:12:09 sergey-pc kernel: pci 0000:00:1f.2: reg 0x20: [io  0xf060-0xf07f]
Feb 27 12:12:09 sergey-pc kernel: pci 0000:00:1f.2: reg 0x24: [mem 0xf7e16000-0xf7e167ff]
Feb 27 12:12:09 sergey-pc kernel: pci 0000:00:1f.2: PME# supported from D3hot
Feb 27 12:12:09 sergey-pc kernel: pci 0000:00:1f.3: [8086:8c22] type 00 class 0x0c0500
Feb 27 12:12:09 sergey-pc kernel: pci 0000:00:1f.3: reg 0x10: [mem 0xf7e15000-0xf7e150ff 64bit]
Feb 27 12:12:09 sergey-pc kernel: pci 0000:00:1f.3: reg 0x20: [io  0xf040-0xf05f]
Feb 27 12:12:09 sergey-pc kernel: pci 0000:01:00.0: [8086:10c9] type 00 class 0x020000
Feb 27 12:12:09 sergey-pc kernel: pci 0000:01:00.0: reg 0x10: [mem 0xf7c20000-0xf7c3ffff]
Feb 27 12:12:09 sergey-pc kernel: pci 0000:01:00.0: reg 0x14: [mem 0xf7800000-0xf7bfffff]
Feb 27 12:12:09 sergey-pc kernel: pci 0000:01:00.0: reg 0x18: [io  0xe020-0xe03f]
Feb 27 12:12:09 sergey-pc kernel: pci 0000:01:00.0: reg 0x1c: [mem 0xf7c44000-0xf7c47fff]
Feb 27 12:12:09 sergey-pc kernel: pci 0000:01:00.0: reg 0x30: [mem 0xf7400000-0xf77fffff pref]
Feb 27 12:12:09 sergey-pc kernel: pci 0000:01:00.0: PME# supported from D0 D3hot D3cold
Feb 27 12:12:09 sergey-pc kernel: pci 0000:01:00.0: reg 0x184: [mem 0x00000000-0x00003fff 64bit]
Feb 27 12:12:09 sergey-pc kernel: pci 0000:01:00.0: VF(n) BAR0 space: [mem 0x00000000-0x0001ffff 64bit] (contains BAR0 for 8 VFs)
Feb 27 12:12:09 sergey-pc kernel: pci 0000:01:00.0: reg 0x190: [mem 0x00000000-0x00003fff 64bit]
Feb 27 12:12:09 sergey-pc kernel: pci 0000:01:00.0: VF(n) BAR3 space: [mem 0x00000000-0x0001ffff 64bit] (contains BAR3 for 8 VFs)
Feb 27 12:12:09 sergey-pc kernel: pci 0000:01:00.0: System wakeup disabled by ACPI
Feb 27 12:12:09 sergey-pc kernel: pci 0000:01:00.1: [8086:10c9] type 00 class 0x020000
Feb 27 12:12:09 sergey-pc kernel: pci 0000:01:00.1: reg 0x10: [mem 0xf7c00000-0xf7c1ffff]
Feb 27 12:12:09 sergey-pc kernel: pci 0000:01:00.1: reg 0x14: [mem 0xf7000000-0xf73fffff]
Feb 27 12:12:09 sergey-pc kernel: pci 0000:01:00.1: reg 0x18: [io  0xe000-0xe01f]
Feb 27 12:12:09 sergey-pc kernel: pci 0000:01:00.1: reg 0x1c: [mem 0xf7c40000-0xf7c43fff]
Feb 27 12:12:09 sergey-pc kernel: pci 0000:01:00.1: reg 0x30: [mem 0xf6c00000-0xf6ffffff pref]
Feb 27 12:12:09 sergey-pc kernel: pci 0000:01:00.1: PME# supported from D0 D3hot D3cold
Feb 27 12:12:09 sergey-pc kernel: pci 0000:01:00.1: reg 0x184: [mem 0x00000000-0x00003fff 64bit]
Feb 27 12:12:09 sergey-pc kernel: pci 0000:01:00.1: VF(n) BAR0 space: [mem 0x00000000-0x0001ffff 64bit] (contains BAR0 for 8 VFs)
Feb 27 12:12:09 sergey-pc kernel: pci 0000:01:00.1: reg 0x190: [mem 0x00000000-0x00003fff 64bit]
Feb 27 12:12:09 sergey-pc kernel: pci 0000:01:00.1: VF(n) BAR3 space: [mem 0x00000000-0x0001ffff 64bit] (contains BAR3 for 8 VFs)
Feb 27 12:12:09 sergey-pc kernel: pci 0000:00:01.0: PCI bridge to [bus 01]
Feb 27 12:12:09 sergey-pc kernel: pci 0000:00:01.0:   bridge window [io  0xe000-0xefff]
Feb 27 12:12:09 sergey-pc kernel: pci 0000:00:01.0:   bridge window [mem 0xf6c00000-0xf7cfffff]
Feb 27 12:12:09 sergey-pc kernel: pci 0000:00:01.0: bridge has subordinate 01 but max busn 02
Feb 27 12:12:09 sergey-pc kernel: acpiphp: Slot [1] registered
Feb 27 12:12:09 sergey-pc kernel: pci 0000:00:1c.0: PCI bridge to [bus 02]
Feb 27 12:12:09 sergey-pc kernel: pci 0000:03:00.0: [10ec:8168] type 00 class 0x020000
Feb 27 12:12:09 sergey-pc kernel: pci 0000:03:00.0: reg 0x10: [io  0xd000-0xd0ff]
Feb 27 12:12:09 sergey-pc kernel: pci 0000:03:00.0: reg 0x18: [mem 0xf7d00000-0xf7d00fff 64bit]
Feb 27 12:12:09 sergey-pc kernel: pci 0000:03:00.0: reg 0x20: [mem 0xf0000000-0xf0003fff 64bit pref]
Feb 27 12:12:09 sergey-pc kernel: pci 0000:03:00.0: supports D1 D2
Feb 27 12:12:09 sergey-pc kernel: pci 0000:03:00.0: PME# supported from D0 D1 D2 D3hot D3cold
Feb 27 12:12:09 sergey-pc kernel: pci 0000:03:00.0: System wakeup disabled by ACPI
Feb 27 12:12:09 sergey-pc kernel: pci 0000:00:1c.2: PCI bridge to [bus 03]
Feb 27 12:12:09 sergey-pc kernel: pci 0000:00:1c.2:   bridge window [io  0xd000-0xdfff]
Feb 27 12:12:09 sergey-pc kernel: pci 0000:00:1c.2:   bridge window [mem 0xf7d00000-0xf7dfffff]
Feb 27 12:12:09 sergey-pc kernel: pci 0000:00:1c.2:   bridge window [mem 0xf0000000-0xf00fffff 64bit pref]
Feb 27 12:12:09 sergey-pc kernel: ACPI: PCI Interrupt Link [LNKA] (IRQs 3 4 5 6 7 10 *11 12 14 15)
Feb 27 12:12:09 sergey-pc kernel: ACPI: PCI Interrupt Link [LNKB] (IRQs 3 4 5 6 7 *10 11 12 14 15)
Feb 27 12:12:09 sergey-pc kernel: ACPI: PCI Interrupt Link [LNKC] (IRQs 3 *4 5 6 7 10 11 12 14 15)
Feb 27 12:12:09 sergey-pc kernel: ACPI: PCI Interrupt Link [LNKD] (IRQs 3 4 *5 6 7 10 11 12 14 15)
Feb 27 12:12:09 sergey-pc kernel: ACPI: PCI Interrupt Link [LNKE] (IRQs *3 4 5 6 7 10 11 12 14 15)
Feb 27 12:12:09 sergey-pc kernel: ACPI: PCI Interrupt Link [LNKF] (IRQs 3 4 5 6 7 10 11 12 14 *15)
Feb 27 12:12:09 sergey-pc kernel: ACPI: PCI Interrupt Link [LNKG] (IRQs 3 4 5 6 *7 10 11 12 14 15)
Feb 27 12:12:09 sergey-pc kernel: ACPI: PCI Interrupt Link [LNKH] (IRQs 3 4 5 6 7 10 11 12 *14 15)
Feb 27 12:12:09 sergey-pc kernel: ACPI: Enabled 5 GPEs in block 00 to 3F
Feb 27 12:12:09 sergey-pc kernel: vgaarb: setting as boot device: PCI:0000:00:02.0
Feb 27 12:12:09 sergey-pc kernel: vgaarb: device added: PCI:0000:00:02.0,decodes=io+mem,owns=io+mem,locks=none
Feb 27 12:12:09 sergey-pc kernel: vgaarb: loaded
Feb 27 12:12:09 sergey-pc kernel: vgaarb: bridge control possible 0000:00:02.0
Feb 27 12:12:09 sergey-pc kernel: SCSI subsystem initialized
Feb 27 12:12:09 sergey-pc kernel: libata version 3.00 loaded.
Feb 27 12:12:09 sergey-pc kernel: ACPI: bus type USB registered
Feb 27 12:12:09 sergey-pc kernel: usbcore: registered new interface driver usbfs
Feb 27 12:12:09 sergey-pc kernel: usbcore: registered new interface driver hub
Feb 27 12:12:09 sergey-pc kernel: usbcore: registered new device driver usb
Feb 27 12:12:09 sergey-pc kernel: PCI: Using ACPI for IRQ routing
Feb 27 12:12:09 sergey-pc kernel: PCI: pci_cache_line_size set to 64 bytes
Feb 27 12:12:09 sergey-pc kernel: e820: reserve RAM buffer [mem 0x0009d800-0x0009ffff]
Feb 27 12:12:09 sergey-pc kernel: e820: reserve RAM buffer [mem 0xc5e62000-0xc7ffffff]
Feb 27 12:12:09 sergey-pc kernel: e820: reserve RAM buffer [mem 0xc62be000-0xc7ffffff]
Feb 27 12:12:09 sergey-pc kernel: e820: reserve RAM buffer [mem 0xd873a000-0xdbffffff]
Feb 27 12:12:09 sergey-pc kernel: e820: reserve RAM buffer [mem 0xda000000-0xdbffffff]
Feb 27 12:12:09 sergey-pc kernel: e820: reserve RAM buffer [mem 0x41fe00000-0x41fffffff]
Feb 27 12:12:09 sergey-pc kernel: NetLabel: Initializing
Feb 27 12:12:09 sergey-pc kernel: NetLabel:  domain hash size = 128
Feb 27 12:12:09 sergey-pc kernel: NetLabel:  protocols = UNLABELED CIPSOv4
Feb 27 12:12:09 sergey-pc kernel: NetLabel:  unlabeled traffic allowed by default
Feb 27 12:12:09 sergey-pc kernel: hpet0: at MMIO 0xfed00000, IRQs 2, 8, 0, 0, 0, 0, 0, 0
Feb 27 12:12:09 sergey-pc kernel: hpet0: 8 comparators, 64-bit 14.318180 MHz counter
Feb 27 12:12:09 sergey-pc kernel: amd_nb: Cannot enumerate AMD northbridges
Feb 27 12:12:09 sergey-pc kernel: clocksource: Switched to clocksource hpet
Feb 27 12:12:09 sergey-pc kernel: AppArmor: AppArmor Filesystem Enabled
Feb 27 12:12:09 sergey-pc kernel: pnp: PnP ACPI init
Feb 27 12:12:09 sergey-pc kernel: system 00:00: [mem 0xfed40000-0xfed44fff] has been reserved
Feb 27 12:12:09 sergey-pc kernel: system 00:00: Plug and Play ACPI device, IDs PNP0c01 (active)
Feb 27 12:12:09 sergey-pc kernel: system 00:01: [io  0x0680-0x069f] has been reserved
Feb 27 12:12:09 sergey-pc kernel: system 00:01: [io  0xffff] has been reserved
Feb 27 12:12:09 sergey-pc kernel: system 00:01: [io  0xffff] has been reserved
Feb 27 12:12:09 sergey-pc kernel: system 00:01: [io  0xffff] has been reserved
Feb 27 12:12:09 sergey-pc kernel: system 00:01: [io  0x1c00-0x1cfe] has been reserved
Feb 27 12:12:09 sergey-pc kernel: system 00:01: [io  0x1d00-0x1dfe] has been reserved
Feb 27 12:12:09 sergey-pc kernel: system 00:01: [io  0x1e00-0x1efe] has been reserved
Feb 27 12:12:09 sergey-pc kernel: system 00:01: [io  0x1f00-0x1ffe] has been reserved
Feb 27 12:12:09 sergey-pc kernel: system 00:01: [io  0x1800-0x18fe] could not be reserved
Feb 27 12:12:09 sergey-pc kernel: system 00:01: [io  0x164e-0x164f] has been reserved
Feb 27 12:12:09 sergey-pc kernel: system 00:01: Plug and Play ACPI device, IDs PNP0c02 (active)
Feb 27 12:12:09 sergey-pc kernel: pnp 00:02: Plug and Play ACPI device, IDs PNP0b00 (active)
Feb 27 12:12:09 sergey-pc kernel: system 00:03: [io  0x1854-0x1857] has been reserved
Feb 27 12:12:09 sergey-pc kernel: system 00:03: Plug and Play ACPI device, IDs INT3f0d PNP0c02 (active)
Feb 27 12:12:09 sergey-pc kernel: system 00:04: [io  0x0a00-0x0a1f] has been reserved
Feb 27 12:12:09 sergey-pc kernel: system 00:04: [io  0x0290-0x029f] has been reserved
Feb 27 12:12:09 sergey-pc kernel: system 00:04: Plug and Play ACPI device, IDs PNP0c02 (active)
Feb 27 12:12:09 sergey-pc kernel: system 00:05: [io  0x04d0-0x04d1] has been reserved
Feb 27 12:12:09 sergey-pc kernel: system 00:05: Plug and Play ACPI device, IDs PNP0c02 (active)
Feb 27 12:12:09 sergey-pc kernel: system 00:06: [mem 0xfed1c000-0xfed1ffff] has been reserved
Feb 27 12:12:09 sergey-pc kernel: system 00:06: [mem 0xfed10000-0xfed17fff] has been reserved
Feb 27 12:12:09 sergey-pc kernel: system 00:06: [mem 0xfed18000-0xfed18fff] has been reserved
Feb 27 12:12:09 sergey-pc kernel: system 00:06: [mem 0xfed19000-0xfed19fff] has been reserved
Feb 27 12:12:09 sergey-pc kernel: system 00:06: [mem 0xf8000000-0xfbffffff] has been reserved
Feb 27 12:12:09 sergey-pc kernel: system 00:06: [mem 0xfed20000-0xfed3ffff] has been reserved
Feb 27 12:12:09 sergey-pc kernel: system 00:06: [mem 0xfed90000-0xfed93fff] has been reserved
Feb 27 12:12:09 sergey-pc kernel: system 00:06: [mem 0xfed45000-0xfed8ffff] has been reserved
Feb 27 12:12:09 sergey-pc kernel: system 00:06: [mem 0xff000000-0xffffffff] has been reserved
Feb 27 12:12:09 sergey-pc kernel: system 00:06: [mem 0xfee00000-0xfeefffff] could not be reserved
Feb 27 12:12:09 sergey-pc kernel: system 00:06: [mem 0xf7fdf000-0xf7fdffff] has been reserved
Feb 27 12:12:09 sergey-pc kernel: system 00:06: [mem 0xf7fe0000-0xf7feffff] has been reserved
Feb 27 12:12:09 sergey-pc kernel: system 00:06: Plug and Play ACPI device, IDs PNP0c02 (active)
Feb 27 12:12:09 sergey-pc kernel: pnp: PnP ACPI: found 7 devices
Feb 27 12:12:09 sergey-pc kernel: clocksource: acpi_pm: mask: 0xffffff max_cycles: 0xffffff, max_idle_ns: 2085701024 ns
Feb 27 12:12:09 sergey-pc kernel: pci_bus 0000:00: max bus depth: 1 pci_try_num: 2
Feb 27 12:12:09 sergey-pc kernel: pci 0000:00:1c.0: BAR 14: assigned [mem 0xdf200000-0xdf3fffff]
Feb 27 12:12:09 sergey-pc kernel: pci 0000:00:1c.0: BAR 15: assigned [mem 0xdf400000-0xdf5fffff 64bit pref]
Feb 27 12:12:09 sergey-pc kernel: pci 0000:00:1c.0: BAR 13: assigned [io  0x2000-0x2fff]
Feb 27 12:12:09 sergey-pc kernel: pci 0000:01:00.0: BAR 7: assigned [mem 0xf7c48000-0xf7c67fff 64bit]
Feb 27 12:12:09 sergey-pc kernel: pci 0000:01:00.0: BAR 10: assigned [mem 0xf7c68000-0xf7c87fff 64bit]
Feb 27 12:12:09 sergey-pc kernel: pci 0000:01:00.1: BAR 7: assigned [mem 0xf7c88000-0xf7ca7fff 64bit]
Feb 27 12:12:09 sergey-pc kernel: pci 0000:01:00.1: BAR 10: assigned [mem 0xf7ca8000-0xf7cc7fff 64bit]
Feb 27 12:12:09 sergey-pc kernel: pci 0000:00:01.0: PCI bridge to [bus 01]
Feb 27 12:12:09 sergey-pc kernel: pci 0000:00:01.0:   bridge window [io  0xe000-0xefff]
Feb 27 12:12:09 sergey-pc kernel: pci 0000:00:01.0:   bridge window [mem 0xf6c00000-0xf7cfffff]
Feb 27 12:12:09 sergey-pc kernel: pci 0000:00:1c.0: PCI bridge to [bus 02]
Feb 27 12:12:09 sergey-pc kernel: pci 0000:00:1c.0:   bridge window [io  0x2000-0x2fff]
Feb 27 12:12:09 sergey-pc kernel: pci 0000:00:1c.0:   bridge window [mem 0xdf200000-0xdf3fffff]
Feb 27 12:12:09 sergey-pc kernel: pci 0000:00:1c.0:   bridge window [mem 0xdf400000-0xdf5fffff 64bit pref]
Feb 27 12:12:09 sergey-pc kernel: pci 0000:00:1c.2: PCI bridge to [bus 03]
Feb 27 12:12:09 sergey-pc kernel: pci 0000:00:1c.2:   bridge window [io  0xd000-0xdfff]
Feb 27 12:12:09 sergey-pc kernel: pci 0000:00:1c.2:   bridge window [mem 0xf7d00000-0xf7dfffff]
Feb 27 12:12:09 sergey-pc kernel: pci 0000:00:1c.2:   bridge window [mem 0xf0000000-0xf00fffff 64bit pref]
Feb 27 12:12:09 sergey-pc kernel: pci_bus 0000:00: resource 4 [io  0x0000-0x0cf7 window]
Feb 27 12:12:09 sergey-pc kernel: pci_bus 0000:00: resource 5 [io  0x0d00-0xffff window]
Feb 27 12:12:09 sergey-pc kernel: pci_bus 0000:00: resource 6 [mem 0x000a0000-0x000bffff window]
Feb 27 12:12:09 sergey-pc kernel: pci_bus 0000:00: resource 7 [mem 0x000d0000-0x000d3fff window]
Feb 27 12:12:09 sergey-pc kernel: pci_bus 0000:00: resource 8 [mem 0x000d4000-0x000d7fff window]
Feb 27 12:12:09 sergey-pc kernel: pci_bus 0000:00: resource 9 [mem 0x000d8000-0x000dbfff window]
Feb 27 12:12:09 sergey-pc kernel: pci_bus 0000:00: resource 10 [mem 0x000dc000-0x000dffff window]
Feb 27 12:12:09 sergey-pc kernel: pci_bus 0000:00: resource 11 [mem 0x000e0000-0x000e3fff window]
Feb 27 12:12:09 sergey-pc kernel: pci_bus 0000:00: resource 12 [mem 0x000e4000-0x000e7fff window]
Feb 27 12:12:09 sergey-pc kernel: pci_bus 0000:00: resource 13 [mem 0xdf200000-0xfeafffff window]
Feb 27 12:12:09 sergey-pc kernel: pci_bus 0000:01: resource 0 [io  0xe000-0xefff]
Feb 27 12:12:09 sergey-pc kernel: pci_bus 0000:01: resource 1 [mem 0xf6c00000-0xf7cfffff]
Feb 27 12:12:09 sergey-pc kernel: pci_bus 0000:02: resource 0 [io  0x2000-0x2fff]
Feb 27 12:12:09 sergey-pc kernel: pci_bus 0000:02: resource 1 [mem 0xdf200000-0xdf3fffff]
Feb 27 12:12:09 sergey-pc kernel: pci_bus 0000:02: resource 2 [mem 0xdf400000-0xdf5fffff 64bit pref]
Feb 27 12:12:09 sergey-pc kernel: pci_bus 0000:03: resource 0 [io  0xd000-0xdfff]
Feb 27 12:12:09 sergey-pc kernel: pci_bus 0000:03: resource 1 [mem 0xf7d00000-0xf7dfffff]
Feb 27 12:12:09 sergey-pc kernel: pci_bus 0000:03: resource 2 [mem 0xf0000000-0xf00fffff 64bit pref]
Feb 27 12:12:09 sergey-pc kernel: NET: Registered protocol family 2
Feb 27 12:12:09 sergey-pc kernel: TCP established hash table entries: 131072 (order: 8, 1048576 bytes)
Feb 27 12:12:09 sergey-pc kernel: TCP bind hash table entries: 65536 (order: 8, 1048576 bytes)
Feb 27 12:12:09 sergey-pc kernel: TCP: Hash tables configured (established 131072 bind 65536)
Feb 27 12:12:09 sergey-pc kernel: UDP hash table entries: 8192 (order: 6, 262144 bytes)
Feb 27 12:12:09 sergey-pc kernel: UDP-Lite hash table entries: 8192 (order: 6, 262144 bytes)
Feb 27 12:12:09 sergey-pc kernel: NET: Registered protocol family 1
Feb 27 12:12:09 sergey-pc kernel: pci 0000:00:02.0: Video device with shadowed ROM
Feb 27 12:12:09 sergey-pc kernel: PCI: CLS 64 bytes, default 64
Feb 27 12:12:09 sergey-pc kernel: Unpacking initramfs...
Feb 27 12:12:09 sergey-pc kernel: Freeing initrd memory: 37568K
Feb 27 12:12:09 sergey-pc kernel: Freeing initrd memory: 999K
Feb 27 12:12:09 sergey-pc kernel: Freeing initrd memory: 1000K
Feb 27 12:12:09 sergey-pc kernel: Freeing initrd memory: 1001K
Feb 27 12:12:09 sergey-pc kernel: PCI-DMA: Using software bounce buffering for IO (SWIOTLB)
Feb 27 12:12:09 sergey-pc kernel: software IO TLB [mem 0xd473a000-0xd873a000] (64MB) mapped at [ffff8800d473a000-ffff8800d8739fff]
Feb 27 12:12:09 sergey-pc kernel: RAPL PMU detected, API unit is 2^-32 Joules, 4 fixed counters 655360 ms ovfl timer
Feb 27 12:12:09 sergey-pc kernel: hw unit of domain pp0-core 2^-14 Joules
Feb 27 12:12:09 sergey-pc kernel: hw unit of domain package 2^-14 Joules
Feb 27 12:12:09 sergey-pc kernel: hw unit of domain dram 2^-14 Joules
Feb 27 12:12:09 sergey-pc kernel: hw unit of domain pp1-gpu 2^-14 Joules
Feb 27 12:12:09 sergey-pc kernel: Scanning for low memory corruption every 60 seconds
Feb 27 12:12:09 sergey-pc kernel: audit: initializing netlink subsys (disabled)
Feb 27 12:12:09 sergey-pc kernel: audit: type=2000 audit(1519708322.608:1): initialized
Feb 27 12:12:09 sergey-pc kernel: Initialise system trusted keyring
Feb 27 12:12:09 sergey-pc kernel: HugeTLB registered 1 GB page size, pre-allocated 0 pages
Feb 27 12:12:09 sergey-pc kernel: HugeTLB registered 2 MB page size, pre-allocated 0 pages
Feb 27 12:12:09 sergey-pc kernel: zbud: loaded
Feb 27 12:12:09 sergey-pc kernel: VFS: Disk quotas dquot_6.6.0
Feb 27 12:12:09 sergey-pc kernel: VFS: Dquot-cache hash table entries: 512 (order 0, 4096 bytes)
Feb 27 12:12:09 sergey-pc kernel: squashfs: version 4.0 (2009/01/31) Phillip Lougher
Feb 27 12:12:09 sergey-pc kernel: fuse init (API version 7.23)
Feb 27 12:12:09 sergey-pc kernel: Key type big_key registered
Feb 27 12:12:09 sergey-pc kernel: Allocating IMA MOK and blacklist keyrings.
Feb 27 12:12:09 sergey-pc kernel: Key type asymmetric registered
Feb 27 12:12:09 sergey-pc kernel: Asymmetric key parser 'x509' registered
Feb 27 12:12:09 sergey-pc kernel: Block layer SCSI generic (bsg) driver version 0.4 loaded (major 249)
Feb 27 12:12:09 sergey-pc kernel: io scheduler noop registered
Feb 27 12:12:09 sergey-pc kernel: io scheduler deadline registered (default)
Feb 27 12:12:09 sergey-pc kernel: io scheduler cfq registered
Feb 27 12:12:09 sergey-pc kernel: pci_hotplug: PCI Hot Plug PCI Core version: 0.5
Feb 27 12:12:09 sergey-pc kernel: pciehp: PCI Express Hot Plug Controller Driver version: 0.4
Feb 27 12:12:09 sergey-pc kernel: vesafb: mode is 1280x1024x32, linelength=5120, pages=0
Feb 27 12:12:09 sergey-pc kernel: vesafb: scrolling: redraw
Feb 27 12:12:09 sergey-pc kernel: vesafb: Truecolor: size=8:8:8:8, shift=24:16:8:0
Feb 27 12:12:09 sergey-pc kernel: vesafb: framebuffer at 0xe0000000, mapped to 0xffffc90002000000, using 5120k, total 5120k
Feb 27 12:12:09 sergey-pc kernel: Console: switching to colour frame buffer device 160x64
Feb 27 12:12:09 sergey-pc kernel: fb0: VESA VGA frame buffer device
Feb 27 12:12:09 sergey-pc kernel: intel_idle: MWAIT substates: 0x2120
Feb 27 12:12:09 sergey-pc kernel: intel_idle: v0.4.1 model 0x3C
Feb 27 12:12:09 sergey-pc kernel: intel_idle: lapic_timer_reliable_states 0xffffffff
Feb 27 12:12:09 sergey-pc kernel: input: Power Button as /devices/LNXSYSTM:00/LNXSYBUS:00/PNP0C0C:00/input/input0
Feb 27 12:12:09 sergey-pc kernel: ACPI: Power Button [PWRB]
Feb 27 12:12:09 sergey-pc kernel: input: Power Button as /devices/LNXSYSTM:00/LNXPWRBN:00/input/input1
Feb 27 12:12:09 sergey-pc kernel: ACPI: Power Button [PWRF]
Feb 27 12:12:09 sergey-pc kernel: thermal LNXTHERM:00: registered as thermal_zone0
Feb 27 12:12:09 sergey-pc kernel: ACPI: Thermal Zone [TZ00] (28 C)
Feb 27 12:12:09 sergey-pc kernel: thermal LNXTHERM:01: registered as thermal_zone1
Feb 27 12:12:09 sergey-pc kernel: ACPI: Thermal Zone [TZ01] (30 C)
Feb 27 12:12:09 sergey-pc kernel: GHES: HEST is not enabled!
Feb 27 12:12:09 sergey-pc kernel: Serial: 8250/16550 driver, 32 ports, IRQ sharing enabled
Feb 27 12:12:09 sergey-pc kernel: Linux agpgart interface v0.103
Feb 27 12:12:09 sergey-pc kernel: loop: module loaded
Feb 27 12:12:09 sergey-pc kernel: libphy: Fixed MDIO Bus: probed
Feb 27 12:12:09 sergey-pc kernel: tun: Universal TUN/TAP device driver, 1.6
Feb 27 12:12:09 sergey-pc kernel: tun: (C) 1999-2004 Max Krasnyansky <maxk@qualcomm.com>
Feb 27 12:12:09 sergey-pc kernel: PPP generic driver version 2.4.2
Feb 27 12:12:09 sergey-pc kernel: ehci_hcd: USB 2.0 'Enhanced' Host Controller (EHCI) Driver
Feb 27 12:12:09 sergey-pc kernel: ehci-pci: EHCI PCI platform driver
Feb 27 12:12:09 sergey-pc kernel: ehci-pci 0000:00:1a.0: EHCI Host Controller
Feb 27 12:12:09 sergey-pc kernel: ehci-pci 0000:00:1a.0: new USB bus registered, assigned bus number 1
Feb 27 12:12:09 sergey-pc kernel: ehci-pci 0000:00:1a.0: debug port 2
Feb 27 12:12:09 sergey-pc kernel: ehci-pci 0000:00:1a.0: cache line size of 64 is not supported
Feb 27 12:12:09 sergey-pc kernel: ehci-pci 0000:00:1a.0: irq 20, io mem 0xf7e18000
Feb 27 12:12:09 sergey-pc kernel: ehci-pci 0000:00:1a.0: USB 2.0 started, EHCI 1.00
Feb 27 12:12:09 sergey-pc kernel: usb usb1: New USB device found, idVendor=1d6b, idProduct=0002
Feb 27 12:12:09 sergey-pc kernel: usb usb1: New USB device strings: Mfr=3, Product=2, SerialNumber=1
Feb 27 12:12:09 sergey-pc kernel: usb usb1: Product: EHCI Host Controller
Feb 27 12:12:09 sergey-pc kernel: usb usb1: Manufacturer: Linux 4.4.0-112-generic ehci_hcd
Feb 27 12:12:09 sergey-pc kernel: usb usb1: SerialNumber: 0000:00:1a.0
Feb 27 12:12:09 sergey-pc kernel: hub 1-0:1.0: USB hub found
Feb 27 12:12:09 sergey-pc kernel: hub 1-0:1.0: 2 ports detected
Feb 27 12:12:09 sergey-pc kernel: ehci-pci 0000:00:1d.0: EHCI Host Controller
Feb 27 12:12:09 sergey-pc kernel: ehci-pci 0000:00:1d.0: new USB bus registered, assigned bus number 2
Feb 27 12:12:09 sergey-pc kernel: ehci-pci 0000:00:1d.0: debug port 2
Feb 27 12:12:09 sergey-pc kernel: ehci-pci 0000:00:1d.0: cache line size of 64 is not supported
Feb 27 12:12:09 sergey-pc kernel: ehci-pci 0000:00:1d.0: irq 23, io mem 0xf7e17000
Feb 27 12:12:09 sergey-pc kernel: ehci-pci 0000:00:1d.0: USB 2.0 started, EHCI 1.00
Feb 27 12:12:09 sergey-pc kernel: usb usb2: New USB device found, idVendor=1d6b, idProduct=0002
Feb 27 12:12:09 sergey-pc kernel: usb usb2: New USB device strings: Mfr=3, Product=2, SerialNumber=1
Feb 27 12:12:09 sergey-pc kernel: usb usb2: Product: EHCI Host Controller
Feb 27 12:12:09 sergey-pc kernel: usb usb2: Manufacturer: Linux 4.4.0-112-generic ehci_hcd
Feb 27 12:12:09 sergey-pc kernel: usb usb2: SerialNumber: 0000:00:1d.0
Feb 27 12:12:09 sergey-pc kernel: hub 2-0:1.0: USB hub found
Feb 27 12:12:09 sergey-pc kernel: hub 2-0:1.0: 2 ports detected
Feb 27 12:12:09 sergey-pc kernel: ehci-platform: EHCI generic platform driver
Feb 27 12:12:09 sergey-pc kernel: ohci_hcd: USB 1.1 'Open' Host Controller (OHCI) Driver
Feb 27 12:12:09 sergey-pc kernel: ohci-pci: OHCI PCI platform driver
Feb 27 12:12:09 sergey-pc kernel: ohci-platform: OHCI generic platform driver
Feb 27 12:12:09 sergey-pc kernel: uhci_hcd: USB Universal Host Controller Interface driver
Feb 27 12:12:09 sergey-pc kernel: xhci_hcd 0000:00:14.0: xHCI Host Controller
Feb 27 12:12:09 sergey-pc kernel: xhci_hcd 0000:00:14.0: new USB bus registered, assigned bus number 3
Feb 27 12:12:09 sergey-pc kernel: xhci_hcd 0000:00:14.0: hcc params 0x200077c1 hci version 0x100 quirks 0x00009810
Feb 27 12:12:09 sergey-pc kernel: xhci_hcd 0000:00:14.0: cache line size of 64 is not supported
Feb 27 12:12:09 sergey-pc kernel: usb usb3: New USB device found, idVendor=1d6b, idProduct=0002
Feb 27 12:12:09 sergey-pc kernel: usb usb3: New USB device strings: Mfr=3, Product=2, SerialNumber=1
Feb 27 12:12:09 sergey-pc kernel: usb usb3: Product: xHCI Host Controller
Feb 27 12:12:09 sergey-pc kernel: usb usb3: Manufacturer: Linux 4.4.0-112-generic xhci-hcd
Feb 27 12:12:09 sergey-pc kernel: usb usb3: SerialNumber: 0000:00:14.0
Feb 27 12:12:09 sergey-pc kernel: hub 3-0:1.0: USB hub found
Feb 27 12:12:09 sergey-pc kernel: hub 3-0:1.0: 10 ports detected
Feb 27 12:12:09 sergey-pc kernel: xhci_hcd 0000:00:14.0: xHCI Host Controller
Feb 27 12:12:09 sergey-pc kernel: xhci_hcd 0000:00:14.0: new USB bus registered, assigned bus number 4
Feb 27 12:12:09 sergey-pc kernel: usb usb4: New USB device found, idVendor=1d6b, idProduct=0003
Feb 27 12:12:09 sergey-pc kernel: usb usb4: New USB device strings: Mfr=3, Product=2, SerialNumber=1
Feb 27 12:12:09 sergey-pc kernel: usb usb4: Product: xHCI Host Controller
Feb 27 12:12:09 sergey-pc kernel: usb usb4: Manufacturer: Linux 4.4.0-112-generic xhci-hcd
Feb 27 12:12:09 sergey-pc kernel: usb usb4: SerialNumber: 0000:00:14.0
Feb 27 12:12:09 sergey-pc kernel: hub 4-0:1.0: USB hub found
Feb 27 12:12:09 sergey-pc kernel: hub 4-0:1.0: 2 ports detected
Feb 27 12:12:09 sergey-pc kernel: i8042: PNP: No PS/2 controller found. Probing ports directly.
Feb 27 12:12:09 sergey-pc kernel: serio: i8042 KBD port at 0x60,0x64 irq 1
Feb 27 12:12:09 sergey-pc kernel: serio: i8042 AUX port at 0x60,0x64 irq 12
Feb 27 12:12:09 sergey-pc kernel: mousedev: PS/2 mouse device common for all mice
Feb 27 12:12:09 sergey-pc kernel: rtc_cmos 00:02: RTC can wake from S4
Feb 27 12:12:09 sergey-pc kernel: rtc_cmos 00:02: rtc core: registered rtc_cmos as rtc0
Feb 27 12:12:09 sergey-pc kernel: rtc_cmos 00:02: alarms up to one month, y3k, 242 bytes nvram, hpet irqs
Feb 27 12:12:09 sergey-pc kernel: i2c /dev entries driver
Feb 27 12:12:09 sergey-pc kernel: device-mapper: uevent: version 1.0.3
Feb 27 12:12:09 sergey-pc kernel: device-mapper: ioctl: 4.34.0-ioctl (2015-10-28) initialised: dm-devel@redhat.com
Feb 27 12:12:09 sergey-pc kernel: Intel P-state driver initializing.
Feb 27 12:12:09 sergey-pc kernel: ledtrig-cpu: registered to indicate activity on CPUs
Feb 27 12:12:09 sergey-pc kernel: NET: Registered protocol family 10
Feb 27 12:12:09 sergey-pc kernel: NET: Registered protocol family 17
Feb 27 12:12:09 sergey-pc kernel: Key type dns_resolver registered
Feb 27 12:12:09 sergey-pc kernel: microcode: CPU0 sig=0x306c3, pf=0x2, revision=0x19
Feb 27 12:12:09 sergey-pc kernel: microcode: CPU1 sig=0x306c3, pf=0x2, revision=0x19
Feb 27 12:12:09 sergey-pc kernel: microcode: Microcode Update Driver: v2.01 <tigran@aivazian.fsnet.co.uk>, Peter Oruba
Feb 27 12:12:09 sergey-pc kernel: registered taskstats version 1
Feb 27 12:12:09 sergey-pc kernel: Loading compiled-in X.509 certificates
Feb 27 12:12:09 sergey-pc kernel: Loaded X.509 cert 'Build time autogenerated kernel key: 4c603087bab8f0a02cb3b4e1fb4c40f507e71ef1'
Feb 27 12:12:09 sergey-pc kernel: zswap: loaded using pool lzo/zbud
Feb 27 12:12:09 sergey-pc kernel: Key type trusted registered
Feb 27 12:12:09 sergey-pc kernel: Key type encrypted registered
Feb 27 12:12:09 sergey-pc kernel: AppArmor: AppArmor sha1 policy hashing enabled
Feb 27 12:12:09 sergey-pc kernel: ima: No TPM chip found, activating TPM-bypass!
Feb 27 12:12:09 sergey-pc kernel: evm: HMAC attrs: 0x1
Feb 27 12:12:09 sergey-pc kernel:   Magic number: 6:699:214
Feb 27 12:12:09 sergey-pc kernel: rtc_cmos 00:02: setting system clock to 2018-02-27 05:12:03 UTC (1519708323)
Feb 27 12:12:09 sergey-pc kernel: BIOS EDD facility v0.16 2004-Jun-25, 0 devices found
Feb 27 12:12:09 sergey-pc kernel: EDD information not available.
Feb 27 12:12:09 sergey-pc kernel: PM: Hibernation image not present or could not be loaded.
Feb 27 12:12:09 sergey-pc kernel: Freeing unused kernel memory: 1508K
Feb 27 12:12:09 sergey-pc kernel: Write protecting the kernel read-only data: 14336k
Feb 27 12:12:09 sergey-pc kernel: Freeing unused kernel memory: 1728K
Feb 27 12:12:09 sergey-pc kernel: Freeing unused kernel memory: 108K
Feb 27 12:12:09 sergey-pc kernel: random: udevadm: uninitialized urandom read (16 bytes read, 2 bits of entropy available)
Feb 27 12:12:09 sergey-pc kernel: random: udevadm: uninitialized urandom read (16 bytes read, 2 bits of entropy available)
Feb 27 12:12:09 sergey-pc kernel: random: systemd-udevd: uninitialized urandom read (16 bytes read, 2 bits of entropy available)
Feb 27 12:12:09 sergey-pc kernel: random: systemd-udevd: uninitialized urandom read (16 bytes read, 2 bits of entropy available)
Feb 27 12:12:09 sergey-pc kernel: random: systemd-udevd: uninitialized urandom read (16 bytes read, 2 bits of entropy available)
Feb 27 12:12:09 sergey-pc kernel: random: systemd-udevd: uninitialized urandom read (16 bytes read, 2 bits of entropy available)
Feb 27 12:12:09 sergey-pc kernel: random: systemd-udevd: uninitialized urandom read (16 bytes read, 2 bits of entropy available)
Feb 27 12:12:09 sergey-pc kernel: random: systemd-udevd: uninitialized urandom read (16 bytes read, 2 bits of entropy available)
Feb 27 12:12:09 sergey-pc kernel: random: systemd-udevd: uninitialized urandom read (16 bytes read, 2 bits of entropy available)
Feb 27 12:12:09 sergey-pc kernel: random: systemd-udevd: uninitialized urandom read (16 bytes read, 2 bits of entropy available)
Feb 27 12:12:09 sergey-pc kernel: FUJITSU Extended Socket Network Device Driver - version 1.0 - Copyright (c) 2015 FUJITSU LIMITED
Feb 27 12:12:09 sergey-pc kernel: [drm] Initialized drm 1.1.0 20060810
Feb 27 12:12:09 sergey-pc kernel: wmi: Mapper loaded
Feb 27 12:12:09 sergey-pc kernel: pps_core: LinuxPPS API ver. 1 registered
Feb 27 12:12:09 sergey-pc kernel: pps_core: Software ver. 5.3.6 - Copyright 2005-2007 Rodolfo Giometti <giometti@linux.it>
Feb 27 12:12:09 sergey-pc kernel: PTP clock support registered
Feb 27 12:12:09 sergey-pc kernel: dca service started, version 1.12.1
Feb 27 12:12:09 sergey-pc kernel: igb: Intel(R) Gigabit Ethernet Network Driver - version 5.3.0-k
Feb 27 12:12:09 sergey-pc kernel: igb: Copyright (c) 2007-2014 Intel Corporation.
Feb 27 12:12:09 sergey-pc kernel: ahci 0000:00:1f.2: version 3.0
Feb 27 12:12:09 sergey-pc kernel: ahci 0000:00:1f.2: AHCI 0001.0300 32 slots 4 ports 6 Gbps 0x2 impl SATA mode
Feb 27 12:12:09 sergey-pc kernel: ahci 0000:00:1f.2: flags: 64bit ncq led clo pio slum part ems 
Feb 27 12:12:09 sergey-pc kernel: scsi host0: ahci
Feb 27 12:12:09 sergey-pc kernel: r8169 Gigabit Ethernet driver 2.3LK-NAPI loaded
Feb 27 12:12:09 sergey-pc kernel: r8169 0000:03:00.0: can't disable ASPM; OS doesn't have ASPM control
Feb 27 12:12:09 sergey-pc kernel: scsi host1: ahci
Feb 27 12:12:09 sergey-pc kernel: scsi host2: ahci
Feb 27 12:12:09 sergey-pc kernel: scsi host3: ahci
Feb 27 12:12:09 sergey-pc kernel: ata1: DUMMY
Feb 27 12:12:09 sergey-pc kernel: ata2: SATA max UDMA/133 abar m2048@0xf7e16000 port 0xf7e16180 irq 31
Feb 27 12:12:09 sergey-pc kernel: ata3: DUMMY
Feb 27 12:12:09 sergey-pc kernel: ata4: DUMMY
Feb 27 12:12:09 sergey-pc kernel: [drm] Memory usable by graphics device = 2048M
Feb 27 12:12:09 sergey-pc kernel: checking generic (e0000000 500000) vs hw (e0000000 10000000)
Feb 27 12:12:09 sergey-pc kernel: fb: switching to inteldrmfb from VESA VGA
Feb 27 12:12:09 sergey-pc kernel: Console: switching to colour dummy device 80x25
Feb 27 12:12:09 sergey-pc kernel: [drm] Replacing VGA console driver
Feb 27 12:12:09 sergey-pc kernel: r8169 0000:03:00.0 eth0: RTL8168g/8111g at 0xffffc90001b7a000, 78:24:af:a0:15:4e, XID 0c000800 IRQ 32
Feb 27 12:12:09 sergey-pc kernel: r8169 0000:03:00.0 eth0: jumbo features [frames: 9200 bytes, tx checksumming: ko]
Feb 27 12:12:09 sergey-pc kernel: [drm] Supports vblank timestamp caching Rev 2 (21.10.2013).
Feb 27 12:12:09 sergey-pc kernel: [drm] Driver supports precise vblank timestamp query.
Feb 27 12:12:09 sergey-pc kernel: vgaarb: device changed decodes: PCI:0000:00:02.0,olddecodes=io+mem,decodes=io+mem:owns=io+mem
Feb 27 12:12:09 sergey-pc kernel: fbcon: inteldrmfb (fb0) is primary device
Feb 27 12:12:09 sergey-pc kernel: Console: switching to colour frame buffer device 160x64
Feb 27 12:12:09 sergey-pc kernel: i915 0000:00:02.0: fb0: inteldrmfb frame buffer device
Feb 27 12:12:09 sergey-pc kernel: ACPI: Video Device [GFX0] (multi-head: yes  rom: no  post: no)
Feb 27 12:12:09 sergey-pc kernel: acpi device:60: registered as cooling_device7
Feb 27 12:12:09 sergey-pc kernel: input: Video Bus as /devices/LNXSYSTM:00/LNXSYBUS:00/PNP0A08:00/LNXVIDEO:00/input/input4
Feb 27 12:12:09 sergey-pc kernel: [drm] Initialized i915 1.6.0 20151010 for 0000:00:02.0 on minor 0
Feb 27 12:12:09 sergey-pc kernel: igb 0000:01:00.0: added PHC on eth1
Feb 27 12:12:09 sergey-pc kernel: igb 0000:01:00.0: Intel(R) Gigabit Ethernet Network Connection
Feb 27 12:12:09 sergey-pc kernel: igb 0000:01:00.0: eth1: (PCIe:2.5Gb/s:Width x4) 90:e2:ba:00:a3:e0
Feb 27 12:12:09 sergey-pc kernel: igb 0000:01:00.0: eth1: PBA No: Unknown
Feb 27 12:12:09 sergey-pc kernel: igb 0000:01:00.0: Using MSI-X interrupts. 2 rx queue(s), 2 tx queue(s)
Feb 27 12:12:09 sergey-pc kernel: usb 1-1: new high-speed USB device number 2 using ehci-pci
Feb 27 12:12:09 sergey-pc kernel: usb 3-1: new high-speed USB device number 2 using xhci_hcd
Feb 27 12:12:09 sergey-pc kernel: usb 2-1: new high-speed USB device number 2 using ehci-pci
Feb 27 12:12:09 sergey-pc kernel: ata2: SATA link up 6.0 Gbps (SStatus 133 SControl 300)
Feb 27 12:12:09 sergey-pc kernel: ata2.00: ATA-9: WDC WD10EZEX-60M2NA0, 01.01A01, max UDMA/100
Feb 27 12:12:09 sergey-pc kernel: ata2.00: 1953525168 sectors, multi 16: LBA48 NCQ (depth 31/32), AA
Feb 27 12:12:09 sergey-pc kernel: ata2.00: configured for UDMA/100
Feb 27 12:12:09 sergey-pc kernel: scsi 1:0:0:0: Direct-Access     ATA      WDC WD10EZEX-60M 1A01 PQ: 0 ANSI: 5
Feb 27 12:12:09 sergey-pc kernel: sd 1:0:0:0: Attached scsi generic sg0 type 0
Feb 27 12:12:09 sergey-pc kernel: sd 1:0:0:0: [sda] 1953525168 512-byte logical blocks: (1.00 TB/932 GiB)
Feb 27 12:12:09 sergey-pc kernel: sd 1:0:0:0: [sda] 4096-byte physical blocks
Feb 27 12:12:09 sergey-pc kernel: sd 1:0:0:0: [sda] Write Protect is off
Feb 27 12:12:09 sergey-pc kernel: sd 1:0:0:0: [sda] Mode Sense: 00 3a 00 00
Feb 27 12:12:09 sergey-pc kernel: sd 1:0:0:0: [sda] Write cache: enabled, read cache: enabled, doesn't support DPO or FUA
Feb 27 12:12:09 sergey-pc kernel: usb 1-1: New USB device found, idVendor=8087, idProduct=8008
Feb 27 12:12:09 sergey-pc kernel: usb 1-1: New USB device strings: Mfr=0, Product=0, SerialNumber=0
Feb 27 12:12:09 sergey-pc kernel: hub 1-1:1.0: USB hub found
Feb 27 12:12:09 sergey-pc kernel: hub 1-1:1.0: 4 ports detected
Feb 27 12:12:09 sergey-pc kernel: usb 2-1: New USB device found, idVendor=8087, idProduct=8000
Feb 27 12:12:09 sergey-pc kernel: usb 2-1: New USB device strings: Mfr=0, Product=0, SerialNumber=0
Feb 27 12:12:09 sergey-pc kernel: hub 2-1:1.0: USB hub found
Feb 27 12:12:09 sergey-pc kernel: hub 2-1:1.0: 6 ports detected
Feb 27 12:12:09 sergey-pc kernel: igb 0000:01:00.1: added PHC on eth2
Feb 27 12:12:09 sergey-pc kernel: igb 0000:01:00.1: Intel(R) Gigabit Ethernet Network Connection
Feb 27 12:12:09 sergey-pc kernel: igb 0000:01:00.1: eth2: (PCIe:2.5Gb/s:Width x4) 90:e2:ba:00:a3:e1
Feb 27 12:12:09 sergey-pc kernel: igb 0000:01:00.1: eth2: PBA No: Unknown
Feb 27 12:12:09 sergey-pc kernel: igb 0000:01:00.1: Using MSI-X interrupts. 2 rx queue(s), 2 tx queue(s)
Feb 27 12:12:09 sergey-pc kernel: igb 0000:01:00.0 enp1s0f0: renamed from eth1
Feb 27 12:12:09 sergey-pc kernel: usb 3-1: New USB device found, idVendor=1871, idProduct=0141
Feb 27 12:12:09 sergey-pc kernel: usb 3-1: New USB device strings: Mfr=1, Product=2, SerialNumber=0
Feb 27 12:12:09 sergey-pc kernel: usb 3-1: Product: USB2.0 Camera
Feb 27 12:12:09 sergey-pc kernel: usb 3-1: Manufacturer: AVEO Technology Corp.
Feb 27 12:12:09 sergey-pc kernel: igb 0000:01:00.1 enp1s0f1: renamed from eth2
Feb 27 12:12:09 sergey-pc kernel:  sda: sda1 sda2 sda3 sda4 < sda5 >
Feb 27 12:12:09 sergey-pc kernel: sd 1:0:0:0: [sda] Attached SCSI disk
Feb 27 12:12:09 sergey-pc kernel: usb 3-3: new low-speed USB device number 3 using xhci_hcd
Feb 27 12:12:09 sergey-pc kernel: usb 3-3: New USB device found, idVendor=09da, idProduct=0260
Feb 27 12:12:09 sergey-pc kernel: usb 3-3: New USB device strings: Mfr=1, Product=2, SerialNumber=0
Feb 27 12:12:09 sergey-pc kernel: usb 3-3: Product: USB Keyboard
Feb 27 12:12:09 sergey-pc kernel: usb 3-3: Manufacturer:  
Feb 27 12:12:09 sergey-pc kernel: usb 3-3: ep 0x81 - rounding interval to 64 microframes, ep desc says 80 microframes
Feb 27 12:12:09 sergey-pc kernel: usb 3-3: ep 0x82 - rounding interval to 64 microframes, ep desc says 80 microframes
Feb 27 12:12:09 sergey-pc kernel: hidraw: raw HID events driver (C) Jiri Kosina
Feb 27 12:12:09 sergey-pc kernel: usbcore: registered new interface driver usbhid
Feb 27 12:12:09 sergey-pc kernel: usbhid: USB HID core driver
Feb 27 12:12:09 sergey-pc kernel: input:   USB Keyboard as /devices/pci0000:00/0000:00:14.0/usb3/3-3/3-3:1.0/0003:09DA:0260.0001/input/input6
Feb 27 12:12:09 sergey-pc kernel: hid-generic 0003:09DA:0260.0001: input,hidraw0: USB HID v1.10 Keyboard [  USB Keyboard] on usb-0000:00:14.0-3/input0
Feb 27 12:12:09 sergey-pc kernel: input:   USB Keyboard as /devices/pci0000:00/0000:00:14.0/usb3/3-3/3-3:1.1/0003:09DA:0260.0002/input/input7
Feb 27 12:12:09 sergey-pc kernel: tsc: Refined TSC clocksource calibration: 3092.837 MHz
Feb 27 12:12:09 sergey-pc kernel: clocksource: tsc: mask: 0xffffffffffffffff max_cycles: 0x2c94d933972, max_idle_ns: 440795249834 ns
Feb 27 12:12:09 sergey-pc kernel: hid-generic 0003:09DA:0260.0002: input,hidraw1: USB HID v1.10 Device [  USB Keyboard] on usb-0000:00:14.0-3/input1
Feb 27 12:12:09 sergey-pc kernel: usb 3-4: new low-speed USB device number 4 using xhci_hcd
Feb 27 12:12:09 sergey-pc kernel: usb 3-4: New USB device found, idVendor=046d, idProduct=c077
Feb 27 12:12:09 sergey-pc kernel: usb 3-4: New USB device strings: Mfr=1, Product=2, SerialNumber=0
Feb 27 12:12:09 sergey-pc kernel: usb 3-4: Product: USB Optical Mouse
Feb 27 12:12:09 sergey-pc kernel: usb 3-4: Manufacturer: Logitech
Feb 27 12:12:09 sergey-pc kernel: usb 3-4: ep 0x81 - rounding interval to 64 microframes, ep desc says 80 microframes
Feb 27 12:12:09 sergey-pc kernel: input: Logitech USB Optical Mouse as /devices/pci0000:00/0000:00:14.0/usb3/3-4/3-4:1.0/0003:046D:C077.0003/input/input8
Feb 27 12:12:09 sergey-pc kernel: hid-generic 0003:046D:C077.0003: input,hidraw2: USB HID v1.11 Mouse [Logitech USB Optical Mouse] on usb-0000:00:14.0-4/input0
Feb 27 12:12:09 sergey-pc kernel: usb 3-6: new high-speed USB device number 5 using xhci_hcd
Feb 27 12:12:09 sergey-pc kernel: usb 3-6: New USB device found, idVendor=058f, idProduct=6362
Feb 27 12:12:09 sergey-pc kernel: usb 3-6: New USB device strings: Mfr=1, Product=2, SerialNumber=3
Feb 27 12:12:09 sergey-pc kernel: usb 3-6: Product: Mass Storage Device
Feb 27 12:12:09 sergey-pc kernel: usb 3-6: Manufacturer: Generic
Feb 27 12:12:09 sergey-pc kernel: usb 3-6: SerialNumber: 058F312D81B
Feb 27 12:12:09 sergey-pc kernel: usb-storage 3-6:1.0: USB Mass Storage device detected
Feb 27 12:12:09 sergey-pc kernel: scsi host4: usb-storage 3-6:1.0
Feb 27 12:12:09 sergey-pc kernel: usbcore: registered new interface driver usb-storage
Feb 27 12:12:09 sergey-pc kernel: usbcore: registered new interface driver uas
Feb 27 12:12:09 sergey-pc kernel: EXT4-fs (sda2): mounted filesystem with ordered data mode. Opts: (null)
Feb 27 12:12:09 sergey-pc kernel: clocksource: Switched to clocksource tsc
Feb 27 12:12:09 sergey-pc kernel: random: nonblocking pool is initialized
Feb 27 12:12:09 sergey-pc kernel: scsi 4:0:0:0: Direct-Access     Generic  USB SD Reader    1.00 PQ: 0 ANSI: 0
Feb 27 12:12:09 sergey-pc kernel: scsi 4:0:0:1: Direct-Access     Generic  USB CF Reader    1.01 PQ: 0 ANSI: 0
Feb 27 12:12:09 sergey-pc kernel: scsi 4:0:0:2: Direct-Access     Generic  USB SM Reader    1.02 PQ: 0 ANSI: 0
Feb 27 12:12:09 sergey-pc kernel: scsi 4:0:0:3: Direct-Access     Generic  USB MS Reader    1.03 PQ: 0 ANSI: 0
Feb 27 12:12:09 sergey-pc kernel: sd 4:0:0:0: Attached scsi generic sg1 type 0
Feb 27 12:12:09 sergey-pc kernel: sd 4:0:0:1: Attached scsi generic sg2 type 0
Feb 27 12:12:09 sergey-pc kernel: sd 4:0:0:2: Attached scsi generic sg3 type 0
Feb 27 12:12:09 sergey-pc kernel: sd 4:0:0:3: Attached scsi generic sg4 type 0
Feb 27 12:12:09 sergey-pc kernel: sd 4:0:0:0: [sdb] Attached SCSI removable disk
Feb 27 12:12:09 sergey-pc kernel: sd 4:0:0:1: [sdc] Attached SCSI removable disk
Feb 27 12:12:09 sergey-pc kernel: sd 4:0:0:2: [sdd] Attached SCSI removable disk
Feb 27 12:12:09 sergey-pc kernel: sd 4:0:0:3: [sde] Attached SCSI removable disk
Feb 27 12:12:09 sergey-pc systemd[1]: systemd 229 running in system mode. (+PAM +AUDIT +SELINUX +IMA +APPARMOR +SMACK +SYSVINIT +UTMP +LIBCRYPTSETUP +GCRYPT +GNUTLS +ACL +XZ -LZ4 +SECCOMP +BLKID +ELFUTILS +KMOD -IDN)
Feb 27 12:12:09 sergey-pc systemd[1]: Detected architecture x86-64.
Feb 27 12:12:09 sergey-pc systemd[1]: Set hostname to <sergey-pc>.
Feb 27 12:12:09 sergey-pc systemd[1]: Listening on udev Control Socket.
Feb 27 12:12:09 sergey-pc systemd[1]: Listening on Journal Audit Socket.
Feb 27 12:12:09 sergey-pc systemd[1]: Listening on Syslog Socket.
Feb 27 12:12:09 sergey-pc systemd[1]: Set up automount Arbitrary Executable File Formats File System Automount Point.
Feb 27 12:12:09 sergey-pc systemd[1]: Created slice System Slice.
Feb 27 12:12:09 sergey-pc systemd[1]: Reached target Encrypted Volumes.
Feb 27 12:12:09 sergey-pc systemd[1]: Created slice system-postgresql.slice.
Feb 27 12:12:09 sergey-pc systemd[1]: Listening on udev Kernel Socket.
Feb 27 12:12:09 sergey-pc systemd[1]: Created slice User and Session Slice.
Feb 27 12:12:09 sergey-pc systemd[1]: Listening on /dev/initctl Compatibility Named Pipe.
Feb 27 12:12:09 sergey-pc systemd[1]: Listening on Journal Socket (/dev/log).
Feb 27 12:12:09 sergey-pc systemd[1]: Listening on Journal Socket.
Feb 27 12:12:09 sergey-pc systemd[1]: Starting Uncomplicated firewall...
Feb 27 12:12:09 sergey-pc systemd[1]: Starting Journal Service...
Feb 27 12:12:09 sergey-pc systemd[1]: Started Braille Device Support.
Feb 27 12:12:09 sergey-pc systemd[1]: Mounting POSIX Message Queue File System...
Feb 27 12:12:09 sergey-pc systemd[1]: Mounting Huge Pages File System...
Feb 27 12:12:09 sergey-pc systemd[1]: Mounting Debug File System...
Feb 27 12:12:09 sergey-pc systemd[1]: Starting Create list of required static device nodes for the current kernel...
Feb 27 12:12:09 sergey-pc systemd[1]: Started Trigger resolvconf update for networkd DNS.
Feb 27 12:12:09 sergey-pc systemd[1]: Listening on fsck to fsckd communication Socket.
Feb 27 12:12:09 sergey-pc systemd[1]: Starting Load Kernel Modules...
Feb 27 12:12:09 sergey-pc systemd[1]: Reached target Remote File Systems (Pre).
Feb 27 12:12:09 sergey-pc systemd[1]: Created slice system-systemd\x2dfsck.slice.
Feb 27 12:12:09 sergey-pc systemd[1]: Starting Set console keymap...
Feb 27 12:12:09 sergey-pc systemd[1]: Reached target Remote File Systems.
Feb 27 12:12:09 sergey-pc systemd[1]: Started Forward Password Requests to Wall Directory Watch.
Feb 27 12:12:09 sergey-pc systemd[1]: Reached target User and Group Name Lookups.
Feb 27 12:12:09 sergey-pc systemd[1]: Reached target Slices.
Feb 27 12:12:09 sergey-pc systemd[1]: Started Read required files in advance.
Feb 27 12:12:09 sergey-pc systemd[1]: Started Uncomplicated firewall.
Feb 27 12:12:09 sergey-pc systemd[1]: Mounted Huge Pages File System.
Feb 27 12:12:09 sergey-pc systemd[1]: Mounted Debug File System.
Feb 27 12:12:09 sergey-pc systemd[1]: Mounted POSIX Message Queue File System.
Feb 27 12:12:09 sergey-pc systemd[1]: Started Create list of required static device nodes for the current kernel.
Feb 27 12:12:09 sergey-pc systemd[1]: Starting Create Static Device Nodes in /dev...
Feb 27 12:12:09 sergey-pc kernel: lp: driver loaded but no devices found
Feb 27 12:12:09 sergey-pc kernel: ppdev: user-space parallel port driver
Feb 27 12:12:09 sergey-pc systemd[1]: Started Load Kernel Modules.
Feb 27 12:12:09 sergey-pc systemd[1]: Mounting FUSE Control File System...
Feb 27 12:12:09 sergey-pc systemd[1]: Starting Apply Kernel Variables...
Feb 27 12:12:09 sergey-pc systemd[1]: Mounted FUSE Control File System.
Feb 27 12:12:09 sergey-pc systemd-journald[261]: Journal started
Feb 27 12:12:09 sergey-pc systemd-modules-load[277]: Inserted module 'lp'
Feb 27 12:12:09 sergey-pc systemd[1]: Started Journal Service.
Feb 27 12:12:09 sergey-pc systemd-modules-load[277]: Inserted module 'ppdev'
Feb 27 12:12:09 sergey-pc systemd-modules-load[277]: Inserted module 'parport_pc'
Feb 27 12:12:09 sergey-pc systemd[1]: Started Apply Kernel Variables.
Feb 27 12:12:09 sergey-pc loadkeys[279]: Loading /etc/console-setup/cached.kmap.gz
Feb 27 12:12:09 sergey-pc systemd[1]: Started Set console keymap.
Feb 27 12:12:10 sergey-pc systemd[1]: Started Create Static Device Nodes in /dev.
Feb 27 12:12:10 sergey-pc systemd[1]: Starting udev Kernel Device Manager...
Feb 27 12:12:12 sergey-pc systemd[1]: Started udev Kernel Device Manager.
Feb 27 12:12:12 sergey-pc systemd[1]: Starting LSB: QEMU KVM module loading script...
Feb 27 12:12:12 sergey-pc systemd[1]: Starting Remount Root and Kernel File Systems...
Feb 27 12:12:12 sergey-pc systemd[1]: Started Remount Root and Kernel File Systems.
Feb 27 12:12:12 sergey-pc kernel: EXT4-fs (sda2): re-mounted. Opts: errors=remount-ro
Feb 27 12:12:12 sergey-pc systemd[1]: Starting udev Coldplug all Devices...
Feb 27 12:12:12 sergey-pc systemd[1]: Starting Load/Save Random Seed...
Feb 27 12:12:12 sergey-pc systemd[1]: Reached target Local File Systems (Pre).
Feb 27 12:12:12 sergey-pc systemd[1]: Starting Flush Journal to Persistent Storage...
Feb 27 12:12:12 sergey-pc systemd[1]: Started udev Coldplug all Devices.
Feb 27 12:12:12 sergey-pc systemd[1]: Starting Show Plymouth Boot Screen...
Feb 27 12:12:12 sergey-pc systemd[1]: Started Load/Save Random Seed.
Feb 27 12:12:12 sergey-pc kernel: shpchp: Standard Hot Plug PCI Controller Driver version: 0.4
Feb 27 12:12:12 sergey-pc systemd[1]: Started Flush Journal to Persistent Storage.
Feb 27 12:12:12 sergey-pc systemd[1]: Created slice system-systemd\x2dbacklight.slice.
Feb 27 12:12:12 sergey-pc systemd[1]: Starting Load/Save Screen Backlight Brightness of backlight:acpi_video0...
Feb 27 12:12:12 sergey-pc systemd[1]: Started Load/Save Screen Backlight Brightness of backlight:acpi_video0.
Feb 27 12:12:13 sergey-pc systemd[1]: Started Show Plymouth Boot Screen.
Feb 27 12:12:13 sergey-pc systemd[1]: Started Forward Password Requests to Plymouth Directory Watch.
Feb 27 12:12:13 sergey-pc mtp-probe[429]: checking bus 3, device 3: "/sys/devices/pci0000:00/0000:00:14.0/usb3/3-3"
Feb 27 12:12:13 sergey-pc mtp-probe[435]: checking bus 3, device 5: "/sys/devices/pci0000:00/0000:00:14.0/usb3/3-6"
Feb 27 12:12:13 sergey-pc mtp-probe[429]: bus: 3, device: 3 was not an MTP device
Feb 27 12:12:13 sergey-pc mtp-probe[438]: checking bus 3, device 4: "/sys/devices/pci0000:00/0000:00:14.0/usb3/3-4"
Feb 27 12:12:13 sergey-pc mtp-probe[438]: bus: 3, device: 4 was not an MTP device
Feb 27 12:12:13 sergey-pc mtp-probe[426]: checking bus 3, device 2: "/sys/devices/pci0000:00/0000:00:14.0/usb3/3-1"
Feb 27 12:12:13 sergey-pc mtp-probe[435]: bus: 3, device: 5 was not an MTP device
Feb 27 12:12:13 sergey-pc mtp-probe[426]: bus: 3, device: 2 was not an MTP device
Feb 27 12:12:13 sergey-pc kernel: snd_hda_codec_realtek hdaudioC0D0: autoconfig for ALC887-VD: line_outs=1 (0x14/0x0/0x0/0x0/0x0) type:line
Feb 27 12:12:13 sergey-pc kernel: snd_hda_codec_realtek hdaudioC0D0:    speaker_outs=0 (0x0/0x0/0x0/0x0/0x0)
Feb 27 12:12:13 sergey-pc kernel: snd_hda_codec_realtek hdaudioC0D0:    hp_outs=1 (0x1b/0x0/0x0/0x0/0x0)
Feb 27 12:12:13 sergey-pc kernel: snd_hda_codec_realtek hdaudioC0D0:    mono: mono_out=0x0
Feb 27 12:12:13 sergey-pc kernel: snd_hda_codec_realtek hdaudioC0D0:    dig-out=0x11/0x0
Feb 27 12:12:13 sergey-pc kernel: snd_hda_codec_realtek hdaudioC0D0:    inputs:
Feb 27 12:12:13 sergey-pc kernel: snd_hda_codec_realtek hdaudioC0D0:      Front Mic=0x19
Feb 27 12:12:13 sergey-pc kernel: snd_hda_codec_realtek hdaudioC0D0:      Rear Mic=0x18
Feb 27 12:12:13 sergey-pc kernel: snd_hda_codec_realtek hdaudioC0D0:      Line=0x1a
Feb 27 12:12:13 sergey-pc kernel: input: HDA Intel PCH Front Mic as /devices/pci0000:00/0000:00:1b.0/sound/card0/input9
Feb 27 12:12:13 sergey-pc kernel: input: HDA Intel PCH Rear Mic as /devices/pci0000:00/0000:00:1b.0/sound/card0/input10
Feb 27 12:12:13 sergey-pc kernel: input: HDA Intel PCH Line as /devices/pci0000:00/0000:00:1b.0/sound/card0/input11
Feb 27 12:12:13 sergey-pc kernel: input: HDA Intel PCH Line Out as /devices/pci0000:00/0000:00:1b.0/sound/card0/input12
Feb 27 12:12:13 sergey-pc kernel: input: HDA Intel PCH Front Headphone as /devices/pci0000:00/0000:00:1b.0/sound/card0/input13
Feb 27 12:12:14 sergey-pc qemu-kvm[312]:  * Configuring kvm qemu-kvm
Feb 27 12:12:14 sergey-pc systemd-udevd[342]: Process '/lib/udev/hdparm' failed with exit code 5.
Feb 27 12:12:14 sergey-pc kernel: media: Linux media interface: v0.10
Feb 27 12:12:14 sergey-pc kernel: Linux video capture interface: v2.00
Feb 27 12:12:14 sergey-pc systemd[1]: Listening on Load/Save RF Kill Switch Status /dev/rfkill Watch.
Feb 27 12:12:14 sergey-pc kernel: usb 3-1: 3:1: cannot get freq at ep 0x84
Feb 27 12:12:14 sergey-pc kernel: usb 3-1: Warning! Unlikely big volume range (=6144), cval->res is probably wrong.
Feb 27 12:12:14 sergey-pc kernel: usb 3-1: [3] FU [Mic Capture Volume] ch = 1, val = 5120/11264/1
Feb 27 12:12:14 sergey-pc kernel: usbcore: registered new interface driver snd-usb-audio
Feb 27 12:12:14 sergey-pc kernel: uvcvideo: Found UVC 1.00 device USB2.0 Camera (1871:0141)
Feb 27 12:12:14 sergey-pc kernel: input: USB2.0 Camera as /devices/pci0000:00/0000:00:14.0/usb3/3-1/3-1:1.0/input/input14
Feb 27 12:12:14 sergey-pc kernel: usbcore: registered new interface driver uvcvideo
Feb 27 12:12:14 sergey-pc kernel: USB Video Class driver (1.1.1)
Feb 27 12:12:14 sergey-pc systemd[1]: Reached target Sound Card.
Feb 27 12:12:14 sergey-pc qemu-kvm[312]:    ...done.
Feb 27 12:12:14 sergey-pc systemd[1]: Started LSB: QEMU KVM module loading script.
Feb 27 12:12:14 sergey-pc kernel: asus_wmi: ASUS WMI generic driver loaded
Feb 27 12:12:14 sergey-pc kernel: intel_rapl: Found RAPL domain package
Feb 27 12:12:14 sergey-pc kernel: intel_rapl: Found RAPL domain core
Feb 27 12:12:14 sergey-pc kernel: intel_rapl: Found RAPL domain uncore
Feb 27 12:12:14 sergey-pc kernel: intel_rapl: Found RAPL domain dram
Feb 27 12:12:14 sergey-pc kernel: asus_wmi: Initialization: 0x0
Feb 27 12:12:14 sergey-pc kernel: asus_wmi: BIOS WMI version: 0.9
Feb 27 12:12:14 sergey-pc kernel: asus_wmi: SFUN value: 0x0
Feb 27 12:12:14 sergey-pc kernel: input: Eee PC WMI hotkeys as /devices/platform/eeepc-wmi/input/input15
Feb 27 12:12:14 sergey-pc kernel: asus_wmi: Number of fans: 1
Feb 27 12:12:16 sergey-pc systemd[1]: Found device WDC_WD10EZEX-60M2NA0 5.
Feb 27 12:12:16 sergey-pc systemd[1]: Starting File System Check on /dev/disk/by-uuid/bb07f4f2-027e-44c0-b526-96897aa6c119...
Feb 27 12:12:16 sergey-pc systemd-udevd[339]: Process '/usr/sbin/alsactl -E HOME=/run/alsa restore 0' failed with exit code 99.
Feb 27 12:12:16 sergey-pc systemd[1]: Started File System Check Daemon to report status.
Feb 27 12:12:16 sergey-pc systemd[1]: Found device WDC_WD10EZEX-60M2NA0 3.
Feb 27 12:12:16 sergey-pc systemd[1]: Activating swap /dev/disk/by-uuid/bfb06bad-d207-4b7f-9001-62627a38f718...
Feb 27 12:12:16 sergey-pc kernel: Adding 5858300k swap on /dev/sda3.  Priority:-1 extents:1 across:5858300k FS
Feb 27 12:12:16 sergey-pc systemd[1]: Activated swap /dev/disk/by-uuid/bfb06bad-d207-4b7f-9001-62627a38f718.
Feb 27 12:12:16 sergey-pc systemd[1]: Reached target Swap.
Feb 27 12:12:17 sergey-pc systemd-fsck[619]: /dev/sda5: clean, 819874/35676160 files, 66365020/142697216 blocks
Feb 27 12:12:17 sergey-pc systemd[1]: Started File System Check on /dev/disk/by-uuid/bb07f4f2-027e-44c0-b526-96897aa6c119.
Feb 27 12:12:17 sergey-pc systemd[1]: Mounting /home...
Feb 27 12:12:17 sergey-pc systemd[1]: Mounted /home.
Feb 27 12:12:17 sergey-pc systemd[1]: Reached target Local File Systems.
Feb 27 12:12:17 sergey-pc kernel: EXT4-fs (sda5): mounted filesystem with ordered data mode. Opts: (null)
Feb 27 12:12:17 sergey-pc systemd[1]: Starting LSB: AppArmor initialization...
Feb 27 12:12:17 sergey-pc systemd[1]: Starting Set console font and keymap...
Feb 27 12:12:17 sergey-pc systemd[1]: Starting Nameserver information manager...
Feb 27 12:12:17 sergey-pc systemd[1]: Starting Tell Plymouth To Write Out Runtime Data...
Feb 27 12:12:17 sergey-pc systemd[1]: Starting Enable support for additional executable binary formats...
Feb 27 12:12:17 sergey-pc systemd[1]: Starting LSB: ebtables ruleset management...
Feb 27 12:12:17 sergey-pc systemd[1]: Starting Create Volatile Files and Directories...
Feb 27 12:12:17 sergey-pc systemd-tmpfiles[659]: [/usr/lib/tmpfiles.d/var.conf:14] Duplicate line for path "/var/log", ignoring.
Feb 27 12:12:17 sergey-pc systemd[1]: Started Tell Plymouth To Write Out Runtime Data.
Feb 27 12:12:17 sergey-pc apparmor[639]:  * Starting AppArmor profiles
Feb 27 12:12:17 sergey-pc systemd[1]: Started Nameserver information manager.
Feb 27 12:12:17 sergey-pc systemd[1]: Reached target Network (Pre).
Feb 27 12:12:17 sergey-pc systemd[1]: proc-sys-fs-binfmt_misc.automount: Got automount request for /proc/sys/fs/binfmt_misc, triggered by 656 (update-binfmts)
Feb 27 12:12:17 sergey-pc systemd[1]: Mounting Arbitrary Executable File Formats File System...
Feb 27 12:12:17 sergey-pc systemd[1]: Mounted Arbitrary Executable File Formats File System.
Feb 27 12:12:18 sergey-pc systemd[1]: Started LSB: ebtables ruleset management.
Feb 27 12:12:18 sergey-pc systemd[1]: Started Create Volatile Files and Directories.
Feb 27 12:12:18 sergey-pc systemd[1]: Starting Update UTMP about System Boot/Shutdown...
Feb 27 12:12:18 sergey-pc systemd[1]: Reached target System Time Synchronized.
Feb 27 12:12:18 sergey-pc systemd[1]: Started Update UTMP about System Boot/Shutdown.
Feb 27 12:12:18 sergey-pc systemd[1]: Started Set console font and keymap.
Feb 27 12:12:18 sergey-pc systemd[1]: Created slice system-getty.slice.
Feb 27 12:12:18 sergey-pc systemd[1]: Started Enable support for additional executable binary formats.
Feb 27 12:12:18 sergey-pc audit[791]: AVC apparmor="STATUS" operation="profile_load" profile="unconfined" name="docker-default" pid=791 comm="apparmor_parser"
Feb 27 12:12:18 sergey-pc kernel: audit: type=1400 audit(1519708338.725:2): apparmor="STATUS" operation="profile_load" profile="unconfined" name="docker-default" pid=791 comm="apparmor_parser"
Feb 27 12:12:18 sergey-pc audit[792]: AVC apparmor="STATUS" operation="profile_load" profile="unconfined" name="/sbin/dhclient" pid=792 comm="apparmor_parser"
Feb 27 12:12:18 sergey-pc audit[792]: AVC apparmor="STATUS" operation="profile_load" profile="unconfined" name="/usr/lib/NetworkManager/nm-dhcp-client.action" pid=792 comm="apparmor_parser"
Feb 27 12:12:18 sergey-pc audit[792]: AVC apparmor="STATUS" operation="profile_load" profile="unconfined" name="/usr/lib/NetworkManager/nm-dhcp-helper" pid=792 comm="apparmor_parser"
Feb 27 12:12:18 sergey-pc audit[792]: AVC apparmor="STATUS" operation="profile_load" profile="unconfined" name="/usr/lib/connman/scripts/dhclient-script" pid=792 comm="apparmor_parser"
Feb 27 12:12:18 sergey-pc apparmor[639]: Skipping profile in /etc/apparmor.d/disable: usr.bin.firefox
Feb 27 12:12:18 sergey-pc kernel: audit: type=1400 audit(1519708338.889:3): apparmor="STATUS" operation="profile_load" profile="unconfined" name="/sbin/dhclient" pid=792 comm="apparmor_parser"
Feb 27 12:12:18 sergey-pc kernel: audit: type=1400 audit(1519708338.889:4): apparmor="STATUS" operation="profile_load" profile="unconfined" name="/usr/lib/NetworkManager/nm-dhcp-client.action" pid=792 comm="apparmor_parser"
Feb 27 12:12:18 sergey-pc kernel: audit: type=1400 audit(1519708338.889:5): apparmor="STATUS" operation="profile_load" profile="unconfined" name="/usr/lib/NetworkManager/nm-dhcp-helper" pid=792 comm="apparmor_parser"
Feb 27 12:12:18 sergey-pc kernel: audit: type=1400 audit(1519708338.889:6): apparmor="STATUS" operation="profile_load" profile="unconfined" name="/usr/lib/connman/scripts/dhclient-script" pid=792 comm="apparmor_parser"
Feb 27 12:12:18 sergey-pc audit[795]: AVC apparmor="STATUS" operation="profile_load" profile="unconfined" name="/usr/lib/libvirt/virt-aa-helper" pid=795 comm="apparmor_parser"
Feb 27 12:12:18 sergey-pc kernel: audit: type=1400 audit(1519708338.929:7): apparmor="STATUS" operation="profile_load" profile="unconfined" name="/usr/lib/libvirt/virt-aa-helper" pid=795 comm="apparmor_parser"
Feb 27 12:12:18 sergey-pc audit[796]: AVC apparmor="STATUS" operation="profile_load" profile="unconfined" name="/usr/lib/telepathy/mission-control-5" pid=796 comm="apparmor_parser"
Feb 27 12:12:18 sergey-pc audit[796]: AVC apparmor="STATUS" operation="profile_load" profile="unconfined" name="/usr/lib/telepathy/telepathy-*" pid=796 comm="apparmor_parser"
Feb 27 12:12:18 sergey-pc audit[796]: AVC apparmor="STATUS" operation="profile_load" profile="unconfined" name="/usr/lib/telepathy/telepathy-*//pxgsettings" pid=796 comm="apparmor_parser"
Feb 27 12:12:18 sergey-pc audit[796]: AVC apparmor="STATUS" operation="profile_load" profile="unconfined" name="/usr/lib/telepathy/telepathy-*//sanitized_helper" pid=796 comm="apparmor_parser"
Feb 27 12:12:18 sergey-pc audit[796]: AVC apparmor="STATUS" operation="profile_load" profile="unconfined" name="/usr/lib/telepathy/telepathy-ofono" pid=796 comm="apparmor_parser"
Feb 27 12:12:19 sergey-pc kernel: audit: type=1400 audit(1519708338.993:8): apparmor="STATUS" operation="profile_load" profile="unconfined" name="/usr/lib/telepathy/mission-control-5" pid=796 comm="apparmor_parser"
Feb 27 12:12:19 sergey-pc kernel: audit: type=1400 audit(1519708338.993:9): apparmor="STATUS" operation="profile_load" profile="unconfined" name="/usr/lib/telepathy/telepathy-*" pid=796 comm="apparmor_parser"
Feb 27 12:12:19 sergey-pc kernel: audit: type=1400 audit(1519708338.993:10): apparmor="STATUS" operation="profile_load" profile="unconfined" name="/usr/lib/telepathy/telepathy-*//pxgsettings" pid=796 comm="apparmor_parser"
Feb 27 12:12:19 sergey-pc kernel: audit: type=1400 audit(1519708338.993:11): apparmor="STATUS" operation="profile_load" profile="unconfined" name="/usr/lib/telepathy/telepathy-*//sanitized_helper" pid=796 comm="apparmor_parser"
Feb 27 12:12:19 sergey-pc audit[797]: AVC apparmor="STATUS" operation="profile_load" profile="unconfined" name="/usr/sbin/cups-browsed" pid=797 comm="apparmor_parser"
Feb 27 12:12:19 sergey-pc audit[793]: AVC apparmor="STATUS" operation="profile_load" profile="unconfined" name="/usr/bin/evince" pid=793 comm="apparmor_parser"
Feb 27 12:12:19 sergey-pc audit[793]: AVC apparmor="STATUS" operation="profile_load" profile="unconfined" name="/usr/bin/evince//sanitized_helper" pid=793 comm="apparmor_parser"
Feb 27 12:12:19 sergey-pc audit[793]: AVC apparmor="STATUS" operation="profile_load" profile="unconfined" name="/usr/bin/evince-previewer" pid=793 comm="apparmor_parser"
Feb 27 12:12:19 sergey-pc audit[793]: AVC apparmor="STATUS" operation="profile_load" profile="unconfined" name="/usr/bin/evince-previewer//sanitized_helper" pid=793 comm="apparmor_parser"
Feb 27 12:12:19 sergey-pc audit[793]: AVC apparmor="STATUS" operation="profile_load" profile="unconfined" name="/usr/bin/evince-thumbnailer" pid=793 comm="apparmor_parser"
Feb 27 12:12:19 sergey-pc audit[793]: AVC apparmor="STATUS" operation="profile_load" profile="unconfined" name="/usr/bin/evince-thumbnailer//sanitized_helper" pid=793 comm="apparmor_parser"
Feb 27 12:12:19 sergey-pc audit[799]: AVC apparmor="STATUS" operation="profile_load" profile="unconfined" name="/usr/sbin/ippusbxd" pid=799 comm="apparmor_parser"
Feb 27 12:12:19 sergey-pc audit[798]: AVC apparmor="STATUS" operation="profile_load" profile="unconfined" name="/usr/lib/cups/backend/cups-pdf" pid=798 comm="apparmor_parser"
Feb 27 12:12:19 sergey-pc audit[798]: AVC apparmor="STATUS" operation="profile_load" profile="unconfined" name="/usr/sbin/cupsd" pid=798 comm="apparmor_parser"
Feb 27 12:12:19 sergey-pc audit[798]: AVC apparmor="STATUS" operation="profile_load" profile="unconfined" name="/usr/sbin/cupsd//third_party" pid=798 comm="apparmor_parser"
Feb 27 12:12:19 sergey-pc audit[800]: AVC apparmor="STATUS" operation="profile_load" profile="unconfined" name="/usr/sbin/libvirtd" pid=800 comm="apparmor_parser"
Feb 27 12:12:19 sergey-pc apparmor[639]: Skipping profile in /etc/apparmor.d/disable: usr.sbin.rsyslogd
Feb 27 12:12:19 sergey-pc audit[801]: AVC apparmor="STATUS" operation="profile_load" profile="unconfined" name="/usr/sbin/ntpd" pid=801 comm="apparmor_parser"
Feb 27 12:12:19 sergey-pc audit[803]: AVC apparmor="STATUS" operation="profile_load" profile="unconfined" name="/usr/sbin/tcpdump" pid=803 comm="apparmor_parser"
Feb 27 12:12:19 sergey-pc apparmor[639]:    ...done.
Feb 27 12:12:19 sergey-pc systemd[1]: Started LSB: AppArmor initialization.
Feb 27 12:12:19 sergey-pc systemd[1]: Started ifup for eth0.
Feb 27 12:12:19 sergey-pc systemd[1]: Reached target System Initialization.
Feb 27 12:12:19 sergey-pc systemd[1]: Listening on Virtual machine lock manager socket.
Feb 27 12:12:19 sergey-pc systemd[1]: Started Daily Cleanup of Temporary Directories.
Feb 27 12:12:19 sergey-pc systemd[1]: Listening on UUID daemon activation socket.
Feb 27 12:12:19 sergey-pc systemd[1]: Listening on Avahi mDNS/DNS-SD Stack Activation Socket.
Feb 27 12:12:19 sergey-pc systemd[1]: Starting Docker Socket for the API.
Feb 27 12:12:19 sergey-pc systemd[1]: Listening on Virtual machine log manager socket.
Feb 27 12:12:19 sergey-pc systemd[1]: Started ACPI Events Check.
Feb 27 12:12:19 sergey-pc systemd[1]: Listening on ACPID Listen Socket.
Feb 27 12:12:19 sergey-pc systemd[1]: Listening on CUPS Scheduler.
Feb 27 12:12:19 sergey-pc systemd[1]: Started CUPS Scheduler.
Feb 27 12:12:19 sergey-pc systemd[1]: Reached target Paths.
Feb 27 12:12:19 sergey-pc systemd[1]: Started Daily apt download activities.
Feb 27 12:12:19 sergey-pc systemd[1]: Started Daily apt upgrade and clean activities.
Feb 27 12:12:19 sergey-pc systemd[1]: Reached target Timers.
Feb 27 12:12:19 sergey-pc systemd[1]: Listening on D-Bus System Message Bus Socket.
Feb 27 12:12:19 sergey-pc systemd[1]: Starting Raise network interfaces...
Feb 27 12:12:19 sergey-pc systemd[1]: Started ifup for enp1s0f1.
Feb 27 12:12:19 sergey-pc systemd[1]: Listening on Docker Socket for the API.
Feb 27 12:12:19 sergey-pc systemd[1]: Reached target Sockets.
Feb 27 12:12:19 sergey-pc systemd[1]: Reached target Basic System.
Feb 27 12:12:19 sergey-pc systemd[1]: Starting System Logging Service...
Feb 27 12:12:19 sergey-pc systemd[1]: Starting Thermal Daemon Service...
Feb 27 12:12:19 sergey-pc systemd[1]: Starting LSB: Set up cgroupfs mounts....
Feb 27 12:12:19 sergey-pc systemd[1]: Starting Modem Manager...
Feb 27 12:12:19 sergey-pc systemd[1]: Starting LSB: Start/Stop the gbrowse_slave rendering server....
Feb 27 12:12:19 sergey-pc systemd[1]: Starting Detect the available GPUs and deal with any system changes...
Feb 27 12:12:19 sergey-pc systemd[1]: Starting LSB: automatic crash report generation...
Feb 27 12:12:19 sergey-pc systemd[1]: Started D-Bus System Message Bus.
Feb 27 12:12:19 sergey-pc gpu-manager[846]: /etc/modprobe.d is not a file
Feb 27 12:12:19 sergey-pc gpu-manager[846]: /etc/modprobe.d is not a file
Feb 27 12:12:19 sergey-pc gpu-manager[846]: /etc/modprobe.d is not a file
Feb 27 12:12:19 sergey-pc gpu-manager[846]: /etc/modprobe.d is not a file
Feb 27 12:12:19 sergey-pc gpu-manager[846]: /etc/modprobe.d is not a file
Feb 27 12:12:20 sergey-pc kernel: r8169 0000:03:00.0 eth0: link down
Feb 27 12:12:20 sergey-pc kernel: r8169 0000:03:00.0 eth0: link down
Feb 27 12:12:20 sergey-pc kernel: IPv6: ADDRCONF(NETDEV_UP): eth0: link is not ready
Feb 27 12:12:20 sergey-pc kernel: IPv6: ADDRCONF(NETDEV_UP): enp1s0f1: link is not ready
Feb 27 12:12:20 sergey-pc sh[819]: RTNETLINK answers: File exists
Feb 27 12:12:20 sergey-pc sh[819]: run-parts: /etc/network/if-up.d/avahi-autoipd exited with return code 2
Feb 27 12:12:20 sergey-pc sh[819]: Failed to bring up enp1s0f1.
Feb 27 12:12:20 sergey-pc gpu-manager[846]: update-alternatives: error: no alternatives for x86_64-linux-gnu_gfxcore_conf
Feb 27 12:12:20 sergey-pc ModemManager[844]: <info>  ModemManager (version 1.6.4) starting in system bus...
Feb 27 12:12:21 sergey-pc ntpdate[994]: name server cannot be used: Temporary failure in name resolution (-3)
Feb 27 12:12:21 sergey-pc kernel: igb 0000:01:00.1 enp1s0f1: igb: enp1s0f1 NIC Link is Up 100 Mbps Full Duplex, Flow Control: RX
Feb 27 12:12:21 sergey-pc kernel: IPv6: ADDRCONF(NETDEV_CHANGE): enp1s0f1: link becomes ready
Feb 27 12:12:21 sergey-pc kernel: r8169 0000:03:00.0 eth0: link up
Feb 27 12:12:21 sergey-pc kernel: IPv6: ADDRCONF(NETDEV_CHANGE): eth0: link becomes ready
Feb 27 12:12:21 sergey-pc dbus[849]: [system] AppArmor D-Bus mediation is enabled
Feb 27 12:12:21 sergey-pc systemd[1]: Starting Network Manager...
Feb 27 12:12:21 sergey-pc systemd[1]: Starting LSB: Speech Dispatcher...
Feb 27 12:12:21 sergey-pc systemd[1]: Started ACPI event daemon.
Feb 27 12:12:21 sergey-pc systemd[1]: Starting LSB: loads/unloads the sep4_0 driver at boot/shutdown time...
Feb 27 12:12:21 sergey-pc systemd[1]: Started CUPS Scheduler.
Feb 27 12:12:21 sergey-pc systemd[1]: Starting LSB: Start/stop sysstat's sadc...
Feb 27 12:12:21 sergey-pc systemd[1]: Starting Login Service...
Feb 27 12:12:21 sergey-pc systemd[1]: Starting Daily apt upgrade and clean activities...
Feb 27 12:12:21 sergey-pc systemd[1]: Starting Accounts Service...
Feb 27 12:12:21 sergey-pc thermald[840]: 13 CPUID levels; family:model:stepping 0x6:3c:3 (6:60:3)
Feb 27 12:12:21 sergey-pc thermald[840]: Polling mode is enabled: 4
Feb 27 12:12:21 sergey-pc systemd[1]: Started Regular background program processing daemon.
Feb 27 12:12:21 sergey-pc systemd[1]: Starting Permit User Sessions...
Feb 27 12:12:21 sergey-pc systemd[1]: Starting Restore /etc/resolv.conf if the system crashed before the ppp link was shut down...
Feb 27 12:12:21 sergey-pc systemd[1031]: pppd-dns.service: Failed at step EXEC spawning /etc/ppp/ip-down.d/0000usepeerdns: No such file or directory
Feb 27 12:12:21 sergey-pc systemd[1]: Starting Avahi mDNS/DNS-SD Stack...
Feb 27 12:12:21 sergey-pc systemd[1]: Started Run anacron jobs.
Feb 27 12:12:21 sergey-pc systemd[1]: Starting LSB: Start the GNUstep distributed object mapper...
Feb 27 12:12:21 sergey-pc systemd[1]: Starting LSB: daemon to balance interrupts for SMP systems...
Feb 27 12:12:21 sergey-pc systemd[1]: Starting Save/Restore Sound Card State...
Feb 27 12:12:21 sergey-pc systemd[1]: Started Deferred execution scheduler.
Feb 27 12:12:21 sergey-pc systemd[1]: Starting PostgreSQL Cluster 9.5-main...
Feb 27 12:12:21 sergey-pc systemd[1]: Started System Logging Service.
Feb 27 12:12:21 sergey-pc systemd[1]: ifup@enp1s0f1.service: Main process exited, code=exited, status=1/FAILURE
Feb 27 12:12:21 sergey-pc systemd[1]: Started LSB: Set up cgroupfs mounts..
Feb 27 12:12:21 sergey-pc systemd[1]: Started Detect the available GPUs and deal with any system changes.
Feb 27 12:12:21 sergey-pc systemd[1]: pppd-dns.service: Main process exited, code=exited, status=203/EXEC
Feb 27 12:12:21 sergey-pc systemd[1]: Failed to start Restore /etc/resolv.conf if the system crashed before the ppp link was shut down.
Feb 27 12:12:21 sergey-pc systemd[1]: pppd-dns.service: Unit entered failed state.
Feb 27 12:12:21 sergey-pc systemd[1]: pppd-dns.service: Failed with result 'exit-code'.
Feb 27 12:12:21 sergey-pc systemd[1]: Started Save/Restore Sound Card State.
Feb 27 12:12:21 sergey-pc dbus[849]: [system] Activating via systemd: service name='org.freedesktop.PolicyKit1' unit='polkitd.service'
Feb 27 12:12:22 sergey-pc apport[848]:  * Starting automatic crash report generation: apport
Feb 27 12:12:22 sergey-pc ifup[829]: /sbin/ifup: waiting for lock on /run/network/ifstate.eth0
Feb 27 12:12:22 sergey-pc ifup[829]: RTNETLINK answers: File exists
Feb 27 12:12:22 sergey-pc ifup[829]: Failed to bring up enp1s0f1.
